###############################################################################
#
# IAR ELF Linker V3.10.1.201 for STM8                     18/Feb/2019  01:23:39
# Copyright 2010-2017 IAR Systems AB.
#
#    Output file  =  E:\stm8s\Debug\Exe\STM8test.out
#    Map file     =  E:\stm8s\Debug\List\STM8test.map
#    Command line =  
#        -f C:\Users\emblink\AppData\Local\Temp\EW40B4.tmp
#        (E:\stm8s\Debug\Obj\DS1307.o E:\stm8s\Debug\Obj\font.o
#        E:\stm8s\Debug\Obj\i2c.o E:\stm8s\Debug\Obj\main.o
#        E:\stm8s\Debug\Obj\max7219.o E:\stm8s\Debug\Obj\stm8s_clk.o
#        E:\stm8s\Debug\Obj\stm8s_exti.o E:\stm8s\Debug\Obj\stm8s_flash.o
#        E:\stm8s\Debug\Obj\stm8s_gpio.o E:\stm8s\Debug\Obj\stm8s_i2c.o
#        E:\stm8s\Debug\Obj\stm8s_it.o E:\stm8s\Debug\Obj\stm8s_spi.o
#        E:\stm8s\Debug\Obj\stm8s_tim1.o E:\stm8s\Debug\Obj\stm8s_tim2.o
#        E:\stm8s\Debug\Obj\stm8s_wwdg.o --redirect _Printf=_PrintfFullNoMb
#        --redirect _Scanf=_ScanfFullNoMb -o E:\stm8s\Debug\Exe\STM8test.out
#        --map E:\stm8s\Debug\List\STM8test.map --config
#        D:\IAR\stm8\config\lnkstm8s103f3.icf --config_def _CSTACK_SIZE=0x100
#        --config_def _HEAP_SIZE=0x100 --entry __iar_program_start --debug_lib)
#
###############################################################################

*******************************************************************************
*** RUNTIME MODEL ATTRIBUTES
***

__SystemLibrary            = DLib
__code_model               = medium_or_large
__core                     = stm8
__data_model               = medium
__dlib_file_descriptor     = 0
__dlib_full_locale_support = 0
__rt_version               = 4


*******************************************************************************
*** PLACEMENT SUMMARY
***

"A0":  place at start of [0x000000-0x0000ff] { rw section .vregs };
"A1":  place at end of [0x000000-0x0003ff] { block CSTACK };
"P2":  place in [from 0x000000 to 0x0003ff] {
          block HEAP, rw section __DLIB_PERTHREAD, rw section .far.bss,
          rw section .far.data, rw section .far.noinit,
          rw section .far_func.textrw, rw section .huge.bss,
          rw section .huge.data, rw section .huge.noinit,
          rw section .huge_func.textrw, rw section .iar.dynexit,
          rw section .near.bss, rw section .near.data, rw section .near.noinit,
          rw section .near_func.textrw };
"A2":  place at start of [0x008000-0x009fff] { block INTVEC };
"P3":  place in [from 0x008000 to 0x009fff] {
          ro section __DLIB_PERTHREAD_init, ro section .far.data_init,
          ro section .far_func.textrw_init, ro section .huge.data_init,
          ro section .huge_func.textrw_init, ro section .iar.init_table,
          ro section .init_array, ro section .near.data_init,
          ro section .near.rodata, ro section .near_func.text,
          ro section .near_func.textrw_init, ro section .tiny.data_init,
          ro section .tiny.rodata_init };
"P4":  place in [from 0x008000 to 0x009fff] {
          ro section .far.rodata, ro section .far_func.text };
"P5":  place in [from 0x008000 to 0x009fff] {
          ro section .huge.rodata, ro section .huge_func.text };
do not initialize {
   rw section .eeprom.noinit, rw section .far.noinit, rw section .huge.noinit,
   rw section .near.noinit, rw section .tiny.noinit, rw section .vregs };
initialize by copy {
   rw section .far.bss, rw section .far.data, rw section .far_func.textrw,
   rw section .huge.bss, rw section .huge.data, rw section .huge_func.textrw,
   rw section .iar.dynexit, rw section .near.bss, rw section .near.data,
   rw section .near_func.textrw, rw section .tiny.bss, rw section .tiny.data,
   ro section .tiny.rodata };

  Section            Kind      Address    Size  Object
  -------            ----      -------    ----  ------
"A0":                                     0x10
  .vregs             uninit   0x000000    0x10  vregs.o [4]
                            - 0x000010    0x10

"P2", part 1 of 2:                         0x1
  P2-1                        0x000010     0x1  <Init block>
    .near.data       inited   0x000010     0x1  main.o [1]
                            - 0x000011     0x1

"P2", part 2 of 2:                        0x58
  .near.bss          zero     0x000011    0x40  main.o [1]
  .near.bss          zero     0x000051     0x8  DS1307.o [1]
  .near.bss          zero     0x000059     0x4  main.o [1]
  .near.bss          zero     0x00005d     0x2  main.o [1]
  .near.bss          zero     0x00005f     0x2  main.o [1]
  .near.bss          zero     0x000061     0x2  max7219.o [1]
  .near.bss          zero     0x000063     0x1  main.o [1]
  .near.bss          zero     0x000064     0x1  main.o [1]
  .near.bss          zero     0x000065     0x1  main.o [1]
  .near.bss          zero     0x000066     0x1  main.o [1]
  .near.bss          zero     0x000067     0x1  main.o [1]
  .near.bss          zero     0x000068     0x1  max7219.o [1]
                            - 0x000069    0x58

"A1":                                    0x100
  CSTACK                      0x000300   0x100  <Block>
    CSTACK           uninit   0x000300   0x100  <Block tail>
                            - 0x000400   0x100

"A2":                                     0x80
  INTVEC                      0x008000    0x80  <Block>
    .intvec          const    0x008000    0x80  interrupt.o [4]
                            - 0x008080    0x80

"P3-P5":                                0x13d7
  .far_func.text     ro code  0x008080   0x229  stm8s_i2c.o [1]
  .far_func.text     ro code  0x0082a9   0x184  main.o [1]
  .far_func.text     ro code  0x00842d   0x14a  stm8s_spi.o [1]
  .far_func.text     ro code  0x008577   0x114  long.o [4]
  .far_func.text     ro code  0x00868b   0x112  stm8s_gpio.o [1]
  .far_func.text     ro code  0x00879d    0xe3  stm8s_clk.o [1]
  .far_func.text     ro code  0x008880    0xdd  vreg_util.o [4]
  .far_func.text     ro code  0x00895d    0xd3  stm8s_exti.o [1]
  .far_func.text     ro code  0x008a30    0xa2  max7219.o [1]
  .far_func.text     ro code  0x008ad2    0x99  stm8s_tim1.o [1]
  .far_func.text     ro code  0x008b6b    0x8c  stm8s_clk.o [1]
  .far_func.text     ro code  0x008bf7    0x79  max7219.o [1]
  .far_func.text     ro code  0x008c70    0x6f  main.o [1]
  .far_func.text     ro code  0x008cdf    0x6e  i2c.o [1]
  .near.rodata       const    0x008d4d    0x58  font.o [1]
  .far_func.text     ro code  0x008da5    0x50  stm8s_tim1.o [1]
  .far_func.text     ro code  0x008df5    0x4e  DS1307.o [1]
  .far_func.text     ro code  0x008e43    0x4e  DS1307.o [1]
  .far_func.text     ro code  0x008e91    0x4c  DS1307.o [1]
  .far_func.text     ro code  0x008edd    0x4c  main.o [1]
  .far_func.text     ro code  0x008f29    0x46  stm8s_i2c.o [1]
  .far_func.text     ro code  0x008f6f    0x42  max7219.o [1]
  .far_func.text     ro code  0x008fb1    0x3f  short.o [4]
  .far_func.text     ro code  0x008ff0    0x3e  stm8s_tim1.o [1]
  .far_func.text     ro code  0x00902e    0x3b  stm8s_tim1.o [1]
  .far_func.text     ro code  0x009069    0x30  stm8s_clk.o [1]
  .far_func.text     ro code  0x009099    0x30  stm8s_i2c.o [1]
  .far_func.text     ro code  0x0090c9    0x30  stm8s_spi.o [1]
  .far_func.text     ro code  0x0090f9    0x30  stm8s_spi.o [1]
  .far_func.text     ro code  0x009129    0x30  stm8s_tim1.o [1]
  .far_func.text     ro code  0x009159    0x2e  i2c.o [1]
  .far_func.text     ro code  0x009187    0x28  init_small.o [4]
  .far_func.text     ro code  0x0091af    0x25  stm8s_i2c.o [1]
  .far_func.text     ro code  0x0091d4    0x24  main.o [1]
  .near.rodata       const    0x0091f8    0x24  stm8s_exti.o [1]
  .near.rodata       const    0x00921c    0x24  stm8s_gpio.o [1]
  .near.rodata       const    0x009240    0x24  stm8s_tim1.o [1]
  .far_func.text     ro code  0x009264    0x23  max7219.o [1]
  .near.rodata       const    0x009287    0x23  stm8s_clk.o [1]
  .near.rodata       const    0x0092aa    0x23  stm8s_i2c.o [1]
  .near.rodata       const    0x0092cd    0x23  stm8s_spi.o [1]
  .far_func.text     ro code  0x0092f0    0x22  stm8s_tim1.o [1]
  .iar.init_table    const    0x009312    0x14  - Linker created -
  .far_func.text     ro code  0x009326    0x1e  init.o [4]
  .far_func.text     ro code  0x009344    0x1e  init_small.o [4]
  .far_func.text     ro code  0x009362    0x17  cstartup.o [4]
  .far_func.text     ro code  0x009379    0x16  __dbg_xxexit.o [3]
  .far_func.text     ro code  0x00938f    0x15  stm8s_spi.o [1]
  .far_func.text     ro code  0x0093a4    0x14  font.o [1]
  .far_func.text     ro code  0x0093b8    0x10  DS1307.o [1]
  .far_func.text     ro code  0x0093c8    0x10  stm8s_gpio.o [1]
  .far_func.text     ro code  0x0093d8     0xe  long_util.o [4]
  .far_func.text     ro code  0x0093e6     0xe  far_util.o [4]
  .far_func.text     ro code  0x0093f4     0x9  main.o [1]
  .far_func.text     ro code  0x0093fd     0x9  max7219.o [1]
  .far_func.text     ro code  0x009406     0x9  stm8s_tim1.o [1]
  .far_func.text     ro code  0x00940f     0x7  stm8s_gpio.o [1]
  .far_func.text     ro code  0x009416     0x6  char.o [4]
  .far_func.text     ro code  0x00941c     0x6  cexit.o [4]
  .far_func.text     ro code  0x009422     0x5  main.o [1]
  .far_func.text     ro code  0x009427     0x5  max7219.o [1]
  .far_func.text     ro code  0x00942c     0x5  max7219.o [1]
  .far_func.text     ro code  0x009431     0x4  font.o [1]
  .far_func.text     ro code  0x009435     0x4  interrupt.o [4]
  .far_func.text     ro code  0x009439     0x4  exit.o [4]
  .far_func.text     ro code  0x00943d     0x3  low_level_init.o [4]
  .far_func.text     ro code  0x009440     0x3  unhandled_exception.o [4]
  .far_func.text     ro code  0x009443     0x2  main.o [1]
  .far_func.text     ro code  0x009445     0x1  stm8s_it.o [1]
  .far_func.text     ro code  0x009446     0x1  stm8s_it.o [1]
  .far_func.text     ro code  0x009447     0x1  stm8s_it.o [1]
  .far_func.text     ro code  0x009448     0x1  stm8s_it.o [1]
  .far_func.text     ro code  0x009449     0x1  stm8s_it.o [1]
  .far_func.text     ro code  0x00944a     0x1  stm8s_it.o [1]
  .far_func.text     ro code  0x00944b     0x1  stm8s_it.o [1]
  .far_func.text     ro code  0x00944c     0x1  stm8s_it.o [1]
  .far_func.text     ro code  0x00944d     0x1  stm8s_it.o [1]
  .far_func.text     ro code  0x00944e     0x1  stm8s_it.o [1]
  .far_func.text     ro code  0x00944f     0x1  stm8s_it.o [1]
  .far_func.text     ro code  0x009450     0x1  stm8s_it.o [1]
  .far_func.text     ro code  0x009451     0x1  stm8s_it.o [1]
  .far_func.text     ro code  0x009452     0x1  stm8s_it.o [1]
  .far_func.text     ro code  0x009453     0x1  stm8s_it.o [1]
  .far_func.text     ro code  0x009454     0x1  stm8s_it.o [1]
  .far_func.text     ro code  0x009455     0x1  __dbg_break.o [3]
  Initializer bytes  const    0x009456     0x1  <for P2-1>
                            - 0x009457  0x13d7


*******************************************************************************
*** INIT TABLE
***

          Address   Size
          -------   ----
Zero (__iar_zero_init2)
    1 destination range, total size 0x58:
          0x000011  0x58

Copy (__iar_copy_init2)
    1 source range, total size 0x1:
          0x009456   0x1
    1 destination range, total size 0x1:
          0x000010   0x1



*******************************************************************************
*** MODULE SUMMARY
***

    Module                 ro code  ro data  rw data
    ------                 -------  -------  -------
E:\stm8s\Debug\Obj: [1]
    DS1307.o                   248                 8
    font.o                      24       88
    i2c.o                      156
    main.o                     627        1       78
    max7219.o                  403                 3
    stm8s_clk.o                415       35
    stm8s_exti.o               211       36
    stm8s_gpio.o               297       36
    stm8s_i2c.o                708       35
    stm8s_it.o                  16
    stm8s_spi.o                447       35
    stm8s_tim1.o               445       36
    ------------------------------------------------
    Total:                   3 997      302       89

command line: [2]
    ------------------------------------------------
    Total:

dbgstm8mmd.a: [3]
    __dbg_break.o                1
    __dbg_xxexit.o              22
    ------------------------------------------------
    Total:                      23

dlstm8mmn.a: [4]
    cexit.o                      6
    char.o                       6
    cstartup.o                  23
    exit.o                       4
    far_util.o                  14
    init.o                      30
    init_small.o                70
    interrupt.o                  4      128
    long.o                     276
    long_util.o                 14
    low_level_init.o             3
    short.o                     63
    unhandled_exception.o        3
    vreg_util.o                221
    vregs.o                                       16
    ------------------------------------------------
    Total:                     737      128       16

    Linker created                       20      256
----------------------------------------------------
    Grand Total:             4 757      450      361


*******************************************************************************
*** ENTRY LIST
***

Entry                    Address   Size  Type      Object
-----                    -------   ----  ----      ------
.iar.init_table$$Base   0x009312          --   Gb  - Linker created -
.iar.init_table$$Limit  0x009326          --   Gb  - Linker created -
?b0                     0x000000         Data  Gb  vregs.o [4]
?b1                     0x000001         Data  Gb  vregs.o [4]
?b10                    0x00000a         Data  Gb  vregs.o [4]
?b11                    0x00000b         Data  Gb  vregs.o [4]
?b12                    0x00000c         Data  Gb  vregs.o [4]
?b13                    0x00000d         Data  Gb  vregs.o [4]
?b14                    0x00000e         Data  Gb  vregs.o [4]
?b15                    0x00000f         Data  Gb  vregs.o [4]
?b2                     0x000002         Data  Gb  vregs.o [4]
?b3                     0x000003         Data  Gb  vregs.o [4]
?b4                     0x000004         Data  Gb  vregs.o [4]
?b5                     0x000005         Data  Gb  vregs.o [4]
?b6                     0x000006         Data  Gb  vregs.o [4]
?b7                     0x000007         Data  Gb  vregs.o [4]
?b8                     0x000008         Data  Gb  vregs.o [4]
?b9                     0x000009         Data  Gb  vregs.o [4]
?e0                     0x000001         Data  Gb  vregs.o [4]
?e1                     0x000005         Data  Gb  vregs.o [4]
?e2                     0x000009         Data  Gb  vregs.o [4]
?e3                     0x00000d         Data  Gb  vregs.o [4]
?epilogue_l2            0x00892c         Code  Gb  vreg_util.o [4]
?epilogue_l2_l3         0x008928         Code  Gb  vreg_util.o [4]
?epilogue_w4            0x008931         Code  Gb  vreg_util.o [4]
?l0                     0x000000         Data  Gb  vregs.o [4]
?l1                     0x000004         Data  Gb  vregs.o [4]
?l2                     0x000008         Data  Gb  vregs.o [4]
?l3                     0x00000c         Data  Gb  vregs.o [4]
?load24_e1_0x           0x0093e6         Code  Gb  far_util.o [4]
?load32_0x_l0           0x0093d8         Code  Gb  long_util.o [4]
?mov_e0_e2              0x008939         Code  Gb  vreg_util.o [4]
?mov_e1_e2              0x008946         Code  Gb  vreg_util.o [4]
?mov_e2_e0              0x008953         Code  Gb  vreg_util.o [4]
?mov_l0_l2              0x008936         Code  Gb  vreg_util.o [4]
?mov_l1_l2              0x008943         Code  Gb  vreg_util.o [4]
?mov_l2_l0              0x008950         Code  Gb  vreg_util.o [4]
?mov_w1_w5              0x00893c         Code  Gb  vreg_util.o [4]
?mov_w3_w5              0x008949         Code  Gb  vreg_util.o [4]
?mov_w5_w1              0x008956         Code  Gb  vreg_util.o [4]
?mul16_x_x_w0           0x008fb1         Code  Gb  short.o [4]
?mul32_l0_l0_l1         0x00858f         Code  Gb  long.o [4]
?pop_l0                 0x0088f0         Code  Gb  vreg_util.o [4]
?pop_l1                 0x0088fb         Code  Gb  vreg_util.o [4]
?pop_l2                 0x008906         Code  Gb  vreg_util.o [4]
?pop_l3                 0x008911         Code  Gb  vreg_util.o [4]
?pop_w4                 0x0088a1         Code  Gb  vreg_util.o [4]
?pop_w5                 0x0088a8         Code  Gb  vreg_util.o [4]
?push_l0                0x0088bb         Code  Gb  vreg_util.o [4]
?push_l1                0x0088c0         Code  Gb  vreg_util.o [4]
?push_l2                0x0088c5         Code  Gb  vreg_util.o [4]
?push_l3                0x0088ca         Code  Gb  vreg_util.o [4]
?push_w4                0x008880         Code  Gb  vreg_util.o [4]
?push_w5                0x008885         Code  Gb  vreg_util.o [4]
?sdiv16_x_x_y           0x008fcf         Code  Gb  short.o [4]
?sll16_x_x_a            0x008fe8         Code  Gb  short.o [4]
?sll32_0x_0x_a          0x00867d         Code  Gb  long.o [4]
?sll32_l0_l0_a          0x00867a         Code  Gb  long.o [4]
?sll8_a_a_5             0x009417         Code  Gb  char.o [4]
?sll8_a_a_6             0x009416         Code  Gb  char.o [4]
?sub32_l0_l0_0x         0x008577         Code  Gb  long.o [4]
?udiv32_l0_l0_l1        0x00860d         Code  Gb  long.o [4]
?umod32_l1_l0_l1        0x00860d         Code  Gb  long.o [4]
?w0                     0x000000         Data  Gb  vregs.o [4]
?w1                     0x000002         Data  Gb  vregs.o [4]
?w2                     0x000004         Data  Gb  vregs.o [4]
?w3                     0x000006         Data  Gb  vregs.o [4]
?w4                     0x000008         Data  Gb  vregs.o [4]
?w5                     0x00000a         Data  Gb  vregs.o [4]
?w6                     0x00000c         Data  Gb  vregs.o [4]
?w7                     0x00000e         Data  Gb  vregs.o [4]
ADC1_IRQHandler         0x009452    0x1  Code  Gb  stm8s_it.o [1]
AWU_IRQHandler          0x009447    0x1  Code  Gb  stm8s_it.o [1]
CLK_HSICmd              0x009069   0x30  Code  Gb  stm8s_clk.o [1]
CLK_IRQHandler          0x009448    0x1  Code  Gb  stm8s_it.o [1]
CLK_PeripheralClockConfig
                        0x00879d   0xe3  Code  Gb  stm8s_clk.o [1]
CLK_SYSCLKConfig        0x008b6b   0x8c  Code  Gb  stm8s_clk.o [1]
CSTACK$$Base            0x000300          --   Gb  - Linker created -
CSTACK$$Limit           0x000400          --   Gb  - Linker created -
EEPROM_EEC_IRQHandler   0x009454    0x1  Code  Gb  stm8s_it.o [1]
EXTI_PORTA_IRQHandler   0x008edd   0x4c  Code  Gb  main.o [1]
EXTI_PORTB_IRQHandler   0x009449    0x1  Code  Gb  stm8s_it.o [1]
EXTI_PORTC_IRQHandler   0x008c70   0x6f  Code  Gb  main.o [1]
EXTI_PORTC_IRQHandler::buttonState
                        0x000010    0x1  Data  Lc  main.o [1]
EXTI_PORTD_IRQHandler   0x00944a    0x1  Code  Gb  stm8s_it.o [1]
EXTI_PORTE_IRQHandler   0x00944b    0x1  Code  Gb  stm8s_it.o [1]
EXTI_SetExtIntSensitivity
                        0x00895d   0xd3  Code  Gb  stm8s_exti.o [1]
GPIO_Init               0x00868b  0x112  Code  Gb  stm8s_gpio.o [1]
GPIO_ReadInputPin       0x0093c8   0x10  Code  Gb  stm8s_gpio.o [1]
GPIO_WriteReverse       0x00940f    0x7  Code  Gb  stm8s_gpio.o [1]
I2C_AcknowledgeConfig   0x008f29   0x46  Code  Gb  stm8s_i2c.o [1]
I2C_Cmd                 0x009099   0x30  Code  Gb  stm8s_i2c.o [1]
I2C_DeInit              0x0091af   0x25  Code  Gb  stm8s_i2c.o [1]
I2C_Init                0x008080  0x229  Code  Gb  stm8s_i2c.o [1]
INTVEC$$Base            0x008000          --   Gb  - Linker created -
INTVEC$$Limit           0x008080          --   Gb  - Linker created -
Region$$Table$$Base     0x009312          --   Gb  - Linker created -
Region$$Table$$Limit    0x009326          --   Gb  - Linker created -
SPI_CalculateCRCCmd     0x0090f9   0x30  Code  Gb  stm8s_spi.o [1]
SPI_Cmd                 0x0090c9   0x30  Code  Gb  stm8s_spi.o [1]
SPI_DeInit              0x00938f   0x15  Code  Gb  stm8s_spi.o [1]
SPI_IRQHandler          0x00944c    0x1  Code  Gb  stm8s_it.o [1]
SPI_Init                0x00842d  0x14a  Code  Gb  stm8s_spi.o [1]
TIM1_CAP_COM_IRQHandler
                        0x00944d    0x1  Code  Gb  stm8s_it.o [1]
TIM1_ClearITPendingBit  0x0092f0   0x22  Code  Gb  stm8s_tim1.o [1]
TIM1_Cmd                0x009129   0x30  Code  Gb  stm8s_tim1.o [1]
TIM1_CounterModeConfig  0x008ff0   0x3e  Code  Gb  stm8s_tim1.o [1]
TIM1_DeInit             0x008ad2   0x99  Code  Gb  stm8s_tim1.o [1]
TIM1_ITConfig           0x008da5   0x50  Code  Gb  stm8s_tim1.o [1]
TIM1_PrescalerConfig    0x00902e   0x3b  Code  Gb  stm8s_tim1.o [1]
TIM1_SetAutoreload      0x009406    0x9  Code  Gb  stm8s_tim1.o [1]
TIM1_UPD_OVF_TRG_BRK_IRQHandler
                        0x0091d4   0x24  Code  Gb  main.o [1]
TIM2_CAP_COM_IRQHandler
                        0x00944f    0x1  Code  Gb  stm8s_it.o [1]
TIM2_UPD_OVF_BRK_IRQHandler
                        0x00944e    0x1  Code  Gb  stm8s_it.o [1]
TIM4_UPD_OVF_IRQHandler
                        0x009453    0x1  Code  Gb  stm8s_it.o [1]
TLI_IRQHandler          0x009446    0x1  Code  Gb  stm8s_it.o [1]
TRAP_IRQHandler         0x009445    0x1  Code  Gb  stm8s_it.o [1]
UART1_RX_IRQHandler     0x009451    0x1  Code  Gb  stm8s_it.o [1]
UART1_TX_IRQHandler     0x009450    0x1  Code  Gb  stm8s_it.o [1]
__DebugBreak            0x009455    0x1  Code  Gb  __dbg_break.o [3]
__exit                  0x009379   0x16  Code  Gb  __dbg_xxexit.o [3]
__iar_copy_init2        0x009187         Code  Gb  init_small.o [4]
__iar_data_init2        0x009326   0x1e  Code  Gb  init.o [4]
__iar_program_start     0x009362         Code  Gb  cstartup.o [4]
__iar_unhandled_exception
                        0x009440         Code  Gb  unhandled_exception.o [4]
__iar_zero_init2        0x009344         Code  Gb  init_small.o [4]
__intvec                0x008000         Data  Gb  interrupt.o [4]
__low_level_init        0x00943d    0x3  Code  Gb  low_level_init.o [4]
_exit                   0x00941c         Code  Gb  cexit.o [4]
_interrupt_1            0x009445         Code  Gb  stm8s_it.o [1]
_interrupt_12           0x00944c         Code  Gb  stm8s_it.o [1]
_interrupt_13           0x0091d4         Code  Gb  main.o [1]
_interrupt_14           0x00944d         Code  Gb  stm8s_it.o [1]
_interrupt_15           0x00944e         Code  Gb  stm8s_it.o [1]
_interrupt_16           0x00944f         Code  Gb  stm8s_it.o [1]
_interrupt_19           0x009450         Code  Gb  stm8s_it.o [1]
_interrupt_2            0x009446         Code  Gb  stm8s_it.o [1]
_interrupt_20           0x009451         Code  Gb  stm8s_it.o [1]
_interrupt_24           0x009452         Code  Gb  stm8s_it.o [1]
_interrupt_25           0x009453         Code  Gb  stm8s_it.o [1]
_interrupt_26           0x009454         Code  Gb  stm8s_it.o [1]
_interrupt_3            0x009447         Code  Gb  stm8s_it.o [1]
_interrupt_4            0x009448         Code  Gb  stm8s_it.o [1]
_interrupt_5            0x008edd         Code  Gb  main.o [1]
_interrupt_6            0x009449         Code  Gb  stm8s_it.o [1]
_interrupt_7            0x008c70         Code  Gb  main.o [1]
_interrupt_8            0x00944a         Code  Gb  stm8s_it.o [1]
_interrupt_9            0x00944b         Code  Gb  stm8s_it.o [1]
assert_failed           0x009443    0x2  Code  Gb  main.o [1]
count                   0x000067    0x1  Data  Lc  main.o [1]
dataBuff                0x000061    0x2  Data  Lc  max7219.o [1]
ds1307ResetData         0x000051    0x8  Data  Lc  DS1307.o [1]
ds1307_reset            0x0093b8   0x10  Code  Gb  DS1307.o [1]
ds1307_set_hours        0x008e43   0x4e  Code  Gb  DS1307.o [1]
ds1307_set_minutes      0x008df5   0x4e  Code  Gb  DS1307.o [1]
ds1307_set_seconds      0x008e91   0x4c  Code  Gb  DS1307.o [1]
encoderChannelAPrevState
                        0x000066    0x1  Data  Lc  main.o [1]
encoderChannelAState    0x000064    0x1  Data  Lc  main.o [1]
encoderChannelBState    0x000065    0x1  Data  Lc  main.o [1]
encoderCounter          0x000063    0x1  Data  Lc  main.o [1]
encoderLastTick         0x00005f    0x2  Data  Lc  main.o [1]
exit                    0x009439    0x4  Code  Gb  exit.o [4]
fontArray               0x008d4d   0x58  Data  Lc  font.o [1]
fontGetNumberArray      0x0093a4   0x14  Code  Gb  font.o [1]
fontGetSpaceArray       0x009431    0x4  Code  Gb  font.o [1]
func                    0x009422    0x5  Code  Lc  main.o [1]
getCurrentTick          0x0093f4    0x9  Code  Lc  main.o [1]
i2cInit                 0x009159   0x2e  Code  Gb  i2c.o [1]
i2c_send                0x008cdf   0x6e  Code  Gb  i2c.o [1]
isMax7219Inited         0x000068    0x1  Data  Lc  max7219.o [1]
lastTick                0x000059    0x4  Data  Lc  main.o [1]
main                    0x0082a9  0x184  Code  Gb  main.o [1]
main::max7219Buff       0x000011   0x40  Data  Lc  main.o [1]
max7219FillCommandBuff  0x008bf7   0x79  Code  Lc  max7219.o [1]
max7219Init             0x008a30   0xa2  Code  Gb  max7219.o [1]
max7219LatchData        0x00942c    0x5  Code  Lc  max7219.o [1]
max7219PushData         0x009427    0x5  Code  Lc  max7219.o [1]
max7219SendData         0x009264   0x23  Code  Lc  max7219.o [1]
max7219SendSymbol       0x008f6f   0x42  Code  Gb  max7219.o [1]
spiPushByte             0x0093fd    0x9  Code  Lc  max7219.o [1]
timeTick                0x00005d    0x2  Data  Lc  main.o [1]


[1] = E:\stm8s\Debug\Obj
[2] = command line
[3] = dbgstm8mmd.a
[4] = dlstm8mmn.a

  4 757 bytes of readonly  code memory
    450 bytes of readonly  data memory
    361 bytes of readwrite data memory

Errors: none
Warnings: none
