###############################################################################
#
# IAR ELF Linker V3.10.1.201 for STM8                     16/Jan/2019  23:23:11
# Copyright 2010-2017 IAR Systems AB.
#
#    Output file  =  D:\stm8s\Debug\Exe\STM8test.out
#    Map file     =  D:\stm8s\Debug\List\STM8test.map
#    Command line =  
#        -f C:\Users\emblink\AppData\Local\Temp\EW4925.tmp
#        (D:\stm8s\Debug\Obj\main.o D:\stm8s\Debug\Obj\stm8s_clk.o
#        D:\stm8s\Debug\Obj\stm8s_exti.o D:\stm8s\Debug\Obj\stm8s_gpio.o
#        D:\stm8s\Debug\Obj\stm8s_it.o D:\stm8s\Debug\Obj\stm8s_spi.o
#        D:\stm8s\Debug\Obj\stm8s_tim1.o --redirect _Printf=_PrintfFullNoMb
#        --redirect _Scanf=_ScanfFullNoMb -o D:\stm8s\Debug\Exe\STM8test.out
#        --map D:\stm8s\Debug\List\STM8test.map --config
#        F:\IAR\stm8\config\lnkstm8s103f3.icf --config_def _CSTACK_SIZE=0x100
#        --config_def _HEAP_SIZE=0x100 --entry __iar_program_start --debug_lib)
#
###############################################################################

*******************************************************************************
*** RUNTIME MODEL ATTRIBUTES
***

__SystemLibrary            = DLib
__code_model               = small
__core                     = stm8
__data_model               = medium
__dlib_file_descriptor     = 0
__dlib_full_locale_support = 0
__rt_version               = 4


*******************************************************************************
*** PLACEMENT SUMMARY
***

"A0":  place at start of [0x000000-0x0000ff] { rw section .vregs };
"A1":  place at end of [0x000000-0x0003ff] { block CSTACK };
"A2":  place at start of [0x008000-0x009fff] { block INTVEC };
"P3":  place in [from 0x008000 to 0x009fff] {
          ro section __DLIB_PERTHREAD_init, ro section .far.data_init,
          ro section .far_func.textrw_init, ro section .huge.data_init,
          ro section .huge_func.textrw_init, ro section .iar.init_table,
          ro section .init_array, ro section .near.data_init,
          ro section .near.rodata, ro section .near_func.text,
          ro section .near_func.textrw_init, ro section .tiny.data_init,
          ro section .tiny.rodata_init };
"P4":  place in [from 0x008000 to 0x009fff] {
          ro section .far.rodata, ro section .far_func.text };
"P5":  place in [from 0x008000 to 0x009fff] {
          ro section .huge.rodata, ro section .huge_func.text };
do not initialize {
   rw section .eeprom.noinit, rw section .far.noinit, rw section .huge.noinit,
   rw section .near.noinit, rw section .tiny.noinit, rw section .vregs };

  Section          Kind      Address   Size  Object
  -------          ----      -------   ----  ------
"A0":                                   0xc
  .vregs           uninit   0x000000    0xc  vregs.o [4]
                          - 0x00000c    0xc

"A1":                                 0x100
  CSTACK                    0x000300  0x100  <Block>
    CSTACK         uninit   0x000300  0x100  <Block tail>
                          - 0x000400  0x100

"A2":                                  0x80
  INTVEC                    0x008000   0x80  <Block>
    .intvec        const    0x008000   0x80  interrupt.o [4]
                          - 0x008080   0x80

"P3-P5":                              0x763
  .near_func.text  ro code  0x008080  0x110  stm8s_gpio.o [1]
  .near_func.text  ro code  0x008190   0xde  stm8s_clk.o [1]
  .near_func.text  ro code  0x00826e   0xd1  stm8s_exti.o [1]
  .near_func.text  ro code  0x00833f   0x9a  main.o [1]
  .near_func.text  ro code  0x0083d9   0x99  stm8s_tim1.o [1]
  .near_func.text  ro code  0x008472   0x90  vreg_util.o [4]
  .near_func.text  ro code  0x008502   0x8b  stm8s_clk.o [1]
  .near_func.text  ro code  0x00858d   0x4e  stm8s_tim1.o [1]
  .near_func.text  ro code  0x0085db   0x3d  stm8s_tim1.o [1]
  .near_func.text  ro code  0x008618   0x38  stm8s_tim1.o [1]
  .near_func.text  ro code  0x008650   0x2f  stm8s_clk.o [1]
  .near_func.text  ro code  0x00867f   0x2f  stm8s_tim1.o [1]
  .near_func.text  ro code  0x0086ae   0x22  stm8s_tim1.o [1]
  .near_func.text  ro code  0x0086d0   0x20  stm8s_it.o [1]
  .near_func.text  ro code  0x0086f0   0x1b  main.o [1]
  .near.rodata     const    0x00870b   0x16  stm8s_exti.o [1]
  .near.rodata     const    0x008721   0x16  stm8s_gpio.o [1]
  .near.rodata     const    0x008737   0x16  stm8s_tim1.o [1]
  .near.rodata     const    0x00874d   0x15  stm8s_clk.o [1]
  .near_func.text  ro code  0x008762   0x14  init.o [4]
  .near_func.text  ro code  0x008776   0x14  __dbg_xxexit.o [3]
  .near_func.text  ro code  0x00878a   0x13  cstartup.o [4]
  .near_func.text  ro code  0x00879d    0x9  stm8s_it.o [1]
  .near_func.text  ro code  0x0087a6    0x9  stm8s_tim1.o [1]
  .near_func.text  ro code  0x0087af    0x8  short.o [4]
  .near_func.text  ro code  0x0087b7    0x6  char.o [4]
  .near_func.text  ro code  0x0087bd    0x5  cexit.o [4]
  .near_func.text  ro code  0x0087c2    0x3  interrupt.o [4]
  .near_func.text  ro code  0x0087c5    0x3  low_level_init.o [4]
  .near_func.text  ro code  0x0087c8    0x3  exit.o [4]
  .near_func.text  ro code  0x0087cb    0x3  unhandled_exception.o [4]
  .near_func.text  ro code  0x0087ce    0x2  main.o [1]
  .near_func.text  ro code  0x0087d0    0x1  stm8s_it.o [1]
  .near_func.text  ro code  0x0087d1    0x1  stm8s_it.o [1]
  .near_func.text  ro code  0x0087d2    0x1  stm8s_it.o [1]
  .near_func.text  ro code  0x0087d3    0x1  stm8s_it.o [1]
  .near_func.text  ro code  0x0087d4    0x1  stm8s_it.o [1]
  .near_func.text  ro code  0x0087d5    0x1  stm8s_it.o [1]
  .near_func.text  ro code  0x0087d6    0x1  stm8s_it.o [1]
  .near_func.text  ro code  0x0087d7    0x1  stm8s_it.o [1]
  .near_func.text  ro code  0x0087d8    0x1  stm8s_it.o [1]
  .near_func.text  ro code  0x0087d9    0x1  stm8s_it.o [1]
  .near_func.text  ro code  0x0087da    0x1  stm8s_it.o [1]
  .near_func.text  ro code  0x0087db    0x1  stm8s_it.o [1]
  .near_func.text  ro code  0x0087dc    0x1  stm8s_it.o [1]
  .near_func.text  ro code  0x0087dd    0x1  stm8s_it.o [1]
  .near_func.text  ro code  0x0087de    0x1  stm8s_it.o [1]
  .near_func.text  ro code  0x0087df    0x1  stm8s_it.o [1]
  .near_func.text  ro code  0x0087e0    0x1  stm8s_it.o [1]
  .near_func.text  ro code  0x0087e1    0x1  stm8s_it.o [1]
  .near_func.text  ro code  0x0087e2    0x1  __dbg_break.o [3]
                          - 0x0087e3  0x763



*******************************************************************************
*** MODULE SUMMARY
***

    Module                 ro code  ro data  rw data
    ------                 -------  -------  -------
D:\stm8s\Debug\Obj: [1]
    main.o                     183
    stm8s_clk.o                408       21
    stm8s_exti.o               209       22
    stm8s_gpio.o               272       22
    stm8s_it.o                  59
    stm8s_tim1.o               438       22
    ------------------------------------------------
    Total:                   1 569       87

command line: [2]
    ------------------------------------------------
    Total:

dbgstm8smd.a: [3]
    __dbg_break.o                1
    __dbg_xxexit.o              20
    ------------------------------------------------
    Total:                      21

dlstm8smn.a: [4]
    cexit.o                      5
    char.o                       6
    cstartup.o                  19
    exit.o                       3
    init.o                      20
    interrupt.o                  3      128
    low_level_init.o             3
    short.o                      8
    unhandled_exception.o        3
    vreg_util.o                144
    vregs.o                                       12
    ------------------------------------------------
    Total:                     214      128       12

    Linker created                               256
----------------------------------------------------
    Grand Total:             1 804      215      268


*******************************************************************************
*** ENTRY LIST
***

Entry                      Address   Size  Type      Object
-----                      -------   ----  ----      ------
?b0                       0x000000         Data  Gb  vregs.o [4]
?b1                       0x000001         Data  Gb  vregs.o [4]
?b10                      0x00000a         Data  Gb  vregs.o [4]
?b11                      0x00000b         Data  Gb  vregs.o [4]
?b2                       0x000002         Data  Gb  vregs.o [4]
?b3                       0x000003         Data  Gb  vregs.o [4]
?b4                       0x000004         Data  Gb  vregs.o [4]
?b5                       0x000005         Data  Gb  vregs.o [4]
?b6                       0x000006         Data  Gb  vregs.o [4]
?b7                       0x000007         Data  Gb  vregs.o [4]
?b8                       0x000008         Data  Gb  vregs.o [4]
?b9                       0x000009         Data  Gb  vregs.o [4]
?e0                       0x000001         Data  Gb  vregs.o [4]
?e1                       0x000005         Data  Gb  vregs.o [4]
?e2                       0x000009         Data  Gb  vregs.o [4]
?epilogue_l2              0x0084fa         Code  Gb  vreg_util.o [4]
?epilogue_w4              0x0084fe         Code  Gb  vreg_util.o [4]
?l0                       0x000000         Data  Gb  vregs.o [4]
?l1                       0x000004         Data  Gb  vregs.o [4]
?l2                       0x000008         Data  Gb  vregs.o [4]
?pop_l0                   0x0084d1         Code  Gb  vreg_util.o [4]
?pop_l1                   0x0084dc         Code  Gb  vreg_util.o [4]
?pop_l2                   0x0084e7         Code  Gb  vreg_util.o [4]
?pop_w4                   0x00848f         Code  Gb  vreg_util.o [4]
?pop_w5                   0x008496         Code  Gb  vreg_util.o [4]
?push_l0                  0x0084a5         Code  Gb  vreg_util.o [4]
?push_l1                  0x0084aa         Code  Gb  vreg_util.o [4]
?push_l2                  0x0084af         Code  Gb  vreg_util.o [4]
?push_w4                  0x008472         Code  Gb  vreg_util.o [4]
?push_w5                  0x008477         Code  Gb  vreg_util.o [4]
?sll16_x_x_a              0x0087af         Code  Gb  short.o [4]
?sll8_a_a_5               0x0087b8         Code  Gb  char.o [4]
?sll8_a_a_6               0x0087b7         Code  Gb  char.o [4]
?w0                       0x000000         Data  Gb  vregs.o [4]
?w1                       0x000002         Data  Gb  vregs.o [4]
?w2                       0x000004         Data  Gb  vregs.o [4]
?w3                       0x000006         Data  Gb  vregs.o [4]
?w4                       0x000008         Data  Gb  vregs.o [4]
?w5                       0x00000a         Data  Gb  vregs.o [4]
ADC1_IRQHandler           0x0087df    0x1  Code  Gb  stm8s_it.o [1]
AWU_IRQHandler            0x0087d2    0x1  Code  Gb  stm8s_it.o [1]
CLK_HSICmd                0x008650   0x2f  Code  Gb  stm8s_clk.o [1]
CLK_IRQHandler            0x0087d3    0x1  Code  Gb  stm8s_it.o [1]
CLK_PeripheralClockConfig
                          0x008190   0xde  Code  Gb  stm8s_clk.o [1]
CLK_SYSCLKConfig          0x008502   0x8b  Code  Gb  stm8s_clk.o [1]
CSTACK$$Base              0x000300          --   Gb  - Linker created -
CSTACK$$Limit             0x000400          --   Gb  - Linker created -
EEPROM_EEC_IRQHandler     0x0087e1    0x1  Code  Gb  stm8s_it.o [1]
EXTI_PORTA_IRQHandler     0x0087d4    0x1  Code  Gb  stm8s_it.o [1]
EXTI_PORTB_IRQHandler     0x0087d5    0x1  Code  Gb  stm8s_it.o [1]
EXTI_PORTC_IRQHandler     0x00879d    0x9  Code  Gb  stm8s_it.o [1]
EXTI_PORTD_IRQHandler     0x0087d6    0x1  Code  Gb  stm8s_it.o [1]
EXTI_PORTE_IRQHandler     0x0087d7    0x1  Code  Gb  stm8s_it.o [1]
EXTI_SetExtIntSensitivity
                          0x00826e   0xd1  Code  Gb  stm8s_exti.o [1]
GPIO_Init                 0x008080  0x110  Code  Gb  stm8s_gpio.o [1]
I2C_IRQHandler            0x0087de    0x1  Code  Gb  stm8s_it.o [1]
INTVEC$$Base              0x008000          --   Gb  - Linker created -
INTVEC$$Limit             0x008080          --   Gb  - Linker created -
Region$$Table$$Base     0x00000000          --   Gb  - Linker created -
Region$$Table$$Limit    0x00000000          --   Gb  - Linker created -
SPI_IRQHandler            0x0087d8    0x1  Code  Gb  stm8s_it.o [1]
TIM1_CAP_COM_IRQHandler
                          0x0087d9    0x1  Code  Gb  stm8s_it.o [1]
TIM1_ClearITPendingBit    0x0086ae   0x22  Code  Gb  stm8s_tim1.o [1]
TIM1_Cmd                  0x00867f   0x2f  Code  Gb  stm8s_tim1.o [1]
TIM1_CounterModeConfig    0x0085db   0x3d  Code  Gb  stm8s_tim1.o [1]
TIM1_DeInit               0x0083d9   0x99  Code  Gb  stm8s_tim1.o [1]
TIM1_ITConfig             0x00858d   0x4e  Code  Gb  stm8s_tim1.o [1]
TIM1_PrescalerConfig      0x008618   0x38  Code  Gb  stm8s_tim1.o [1]
TIM1_SetAutoreload        0x0087a6    0x9  Code  Gb  stm8s_tim1.o [1]
TIM1_UPD_OVF_TRG_BRK_IRQHandler
                          0x0086d0   0x20  Code  Gb  stm8s_it.o [1]
TIM2_CAP_COM_IRQHandler
                          0x0087db    0x1  Code  Gb  stm8s_it.o [1]
TIM2_UPD_OVF_BRK_IRQHandler
                          0x0087da    0x1  Code  Gb  stm8s_it.o [1]
TIM4_UPD_OVF_IRQHandler
                          0x0087e0    0x1  Code  Gb  stm8s_it.o [1]
TLI_IRQHandler            0x0087d1    0x1  Code  Gb  stm8s_it.o [1]
TRAP_IRQHandler           0x0087d0    0x1  Code  Gb  stm8s_it.o [1]
UART1_RX_IRQHandler       0x0087dd    0x1  Code  Gb  stm8s_it.o [1]
UART1_TX_IRQHandler       0x0087dc    0x1  Code  Gb  stm8s_it.o [1]
__DebugBreak              0x0087e2    0x1  Code  Gb  __dbg_break.o [3]
__exit                    0x008776   0x14  Code  Gb  __dbg_xxexit.o [3]
__iar_data_init2          0x008762   0x14  Code  Gb  init.o [4]
__iar_program_start       0x00878a         Code  Gb  cstartup.o [4]
__iar_unhandled_exception
                          0x0087cb         Code  Gb  unhandled_exception.o [4]
__intvec                  0x008000         Data  Gb  interrupt.o [4]
__low_level_init          0x0087c5    0x3  Code  Gb  low_level_init.o [4]
_exit                     0x0087bd         Code  Gb  cexit.o [4]
_interrupt_1              0x0087d0         Code  Gb  stm8s_it.o [1]
_interrupt_12             0x0087d8         Code  Gb  stm8s_it.o [1]
_interrupt_13             0x0086d0         Code  Gb  stm8s_it.o [1]
_interrupt_14             0x0087d9         Code  Gb  stm8s_it.o [1]
_interrupt_15             0x0087da         Code  Gb  stm8s_it.o [1]
_interrupt_16             0x0087db         Code  Gb  stm8s_it.o [1]
_interrupt_19             0x0087dc         Code  Gb  stm8s_it.o [1]
_interrupt_2              0x0087d1         Code  Gb  stm8s_it.o [1]
_interrupt_20             0x0087dd         Code  Gb  stm8s_it.o [1]
_interrupt_21             0x0087de         Code  Gb  stm8s_it.o [1]
_interrupt_24             0x0087df         Code  Gb  stm8s_it.o [1]
_interrupt_25             0x0087e0         Code  Gb  stm8s_it.o [1]
_interrupt_26             0x0087e1         Code  Gb  stm8s_it.o [1]
_interrupt_3              0x0087d2         Code  Gb  stm8s_it.o [1]
_interrupt_4              0x0087d3         Code  Gb  stm8s_it.o [1]
_interrupt_5              0x0087d4         Code  Gb  stm8s_it.o [1]
_interrupt_6              0x0087d5         Code  Gb  stm8s_it.o [1]
_interrupt_7              0x00879d         Code  Gb  stm8s_it.o [1]
_interrupt_8              0x0087d6         Code  Gb  stm8s_it.o [1]
_interrupt_9              0x0087d7         Code  Gb  stm8s_it.o [1]
assert_failed             0x0087ce    0x2  Code  Gb  main.o [1]
delayMs                   0x0086f0   0x1b  Code  Gb  main.o [1]
exit                      0x0087c8    0x3  Code  Gb  exit.o [4]
main                      0x00833f   0x9a  Code  Gb  main.o [1]


[1] = D:\stm8s\Debug\Obj
[2] = command line
[3] = dbgstm8smd.a
[4] = dlstm8smn.a

  1 804 bytes of readonly  code memory
    215 bytes of readonly  data memory
    268 bytes of readwrite data memory

Errors: none
Warnings: none
