###############################################################################
#
# IAR ELF Linker V3.10.1.201 for STM8                     19/Feb/2019  02:26:21
# Copyright 2010-2017 IAR Systems AB.
#
#    Output file  =  E:\stm8s\Debug\Exe\STM8test.out
#    Map file     =  E:\stm8s\Debug\List\STM8test.map
#    Command line =  
#        -f C:\Users\emblink\AppData\Local\Temp\EWF3B9.tmp
#        (E:\stm8s\Debug\Obj\DS1307.o E:\stm8s\Debug\Obj\font.o
#        E:\stm8s\Debug\Obj\i2c.o E:\stm8s\Debug\Obj\main.o
#        E:\stm8s\Debug\Obj\max7219.o E:\stm8s\Debug\Obj\stm8s_clk.o
#        E:\stm8s\Debug\Obj\stm8s_exti.o E:\stm8s\Debug\Obj\stm8s_flash.o
#        E:\stm8s\Debug\Obj\stm8s_gpio.o E:\stm8s\Debug\Obj\stm8s_i2c.o
#        E:\stm8s\Debug\Obj\stm8s_it.o E:\stm8s\Debug\Obj\stm8s_spi.o
#        E:\stm8s\Debug\Obj\stm8s_tim1.o E:\stm8s\Debug\Obj\stm8s_tim2.o
#        E:\stm8s\Debug\Obj\stm8s_wwdg.o --redirect _Printf=_PrintfFullNoMb
#        --redirect _Scanf=_ScanfFullNoMb -o E:\stm8s\Debug\Exe\STM8test.out
#        --map E:\stm8s\Debug\List\STM8test.map --config
#        D:\IAR\stm8\config\lnkstm8s103f3.icf --config_def _CSTACK_SIZE=0x100
#        --config_def _HEAP_SIZE=0x100 --entry __iar_program_start --debug_lib)
#
###############################################################################

*******************************************************************************
*** RUNTIME MODEL ATTRIBUTES
***

__SystemLibrary            = DLib
__code_model               = medium_or_large
__core                     = stm8
__data_model               = medium
__dlib_file_descriptor     = 0
__dlib_full_locale_support = 0
__rt_version               = 4


*******************************************************************************
*** PLACEMENT SUMMARY
***

"A0":  place at start of [0x000000-0x0000ff] { rw section .vregs };
"A1":  place at end of [0x000000-0x0003ff] { block CSTACK };
"P2":  place in [from 0x000000 to 0x0003ff] {
          block HEAP, rw section __DLIB_PERTHREAD, rw section .far.bss,
          rw section .far.data, rw section .far.noinit,
          rw section .far_func.textrw, rw section .huge.bss,
          rw section .huge.data, rw section .huge.noinit,
          rw section .huge_func.textrw, rw section .iar.dynexit,
          rw section .near.bss, rw section .near.data, rw section .near.noinit,
          rw section .near_func.textrw };
"A2":  place at start of [0x008000-0x009fff] { block INTVEC };
"P3":  place in [from 0x008000 to 0x009fff] {
          ro section __DLIB_PERTHREAD_init, ro section .far.data_init,
          ro section .far_func.textrw_init, ro section .huge.data_init,
          ro section .huge_func.textrw_init, ro section .iar.init_table,
          ro section .init_array, ro section .near.data_init,
          ro section .near.rodata, ro section .near_func.text,
          ro section .near_func.textrw_init, ro section .tiny.data_init,
          ro section .tiny.rodata_init };
"P4":  place in [from 0x008000 to 0x009fff] {
          ro section .far.rodata, ro section .far_func.text };
"P5":  place in [from 0x008000 to 0x009fff] {
          ro section .huge.rodata, ro section .huge_func.text };
do not initialize {
   rw section .eeprom.noinit, rw section .far.noinit, rw section .huge.noinit,
   rw section .near.noinit, rw section .tiny.noinit, rw section .vregs };
initialize by copy {
   rw section .far.bss, rw section .far.data, rw section .far_func.textrw,
   rw section .huge.bss, rw section .huge.data, rw section .huge_func.textrw,
   rw section .iar.dynexit, rw section .near.bss, rw section .near.data,
   rw section .near_func.textrw, rw section .tiny.bss, rw section .tiny.data,
   ro section .tiny.rodata };

  Section            Kind      Address    Size  Object
  -------            ----      -------    ----  ------
"A0":                                     0x10
  .vregs             uninit   0x000000    0x10  vregs.o [4]
                            - 0x000010    0x10

"P2", part 1 of 2:                         0x1
  P2-1                        0x000010     0x1  <Init block>
    .near.data       inited   0x000010     0x1  main.o [1]
                            - 0x000011     0x1

"P2", part 2 of 2:                        0x5b
  .near.bss          zero     0x000011    0x40  main.o [1]
  .near.bss          zero     0x000051     0x8  font.o [1]
  .near.bss          zero     0x000059     0x2  main.o [1]
  .near.bss          zero     0x00005b     0x2  main.o [1]
  .near.bss          zero     0x00005d     0x2  main.o [1]
  .near.bss          zero     0x00005f     0x2  max7219.o [1]
  .near.bss          zero     0x000061     0x1  main.o [1]
  .near.bss          zero     0x000062     0x1  main.o [1]
  .near.bss          zero     0x000063     0x1  main.o [1]
  .near.bss          zero     0x000064     0x1  main.o [1]
  .near.bss          zero     0x000065     0x1  main.o [1]
  .near.bss          zero     0x000066     0x1  main.o [1]
  .near.bss          zero     0x000067     0x1  main.o [1]
  .near.bss          zero     0x000068     0x1  main.o [1]
  .near.bss          zero     0x000069     0x1  main.o [1]
  .near.bss          zero     0x00006a     0x1  main.o [1]
  .near.bss          zero     0x00006b     0x1  max7219.o [1]
                            - 0x00006c    0x5b

"A1":                                    0x100
  CSTACK                      0x000300   0x100  <Block>
    CSTACK           uninit   0x000300   0x100  <Block tail>
                            - 0x000400   0x100

"A2":                                     0x80
  INTVEC                      0x008000    0x80  <Block>
    .intvec          const    0x008000    0x80  interrupt.o [4]
                            - 0x008080    0x80

"P3-P5":                                0x1515
  .far_func.text     ro code  0x008080   0x23d  main.o [1]
  .far_func.text     ro code  0x0082bd   0x229  stm8s_i2c.o [1]
  .far_func.text     ro code  0x0084e6   0x14a  stm8s_spi.o [1]
  .far_func.text     ro code  0x008630   0x112  stm8s_gpio.o [1]
  .far_func.text     ro code  0x008742    0xfc  long.o [4]
  .far_func.text     ro code  0x00883e    0xe3  stm8s_clk.o [1]
  .far_func.text     ro code  0x008921    0xdd  vreg_util.o [4]
  .far_func.text     ro code  0x0089fe    0xd3  stm8s_exti.o [1]
  .far_func.text     ro code  0x008ad1    0xa2  max7219.o [1]
  .far_func.text     ro code  0x008b73    0x99  stm8s_tim1.o [1]
  .far_func.text     ro code  0x008c0c    0x8f  font.o [1]
  .far_func.text     ro code  0x008c9b    0x8c  stm8s_clk.o [1]
  .far_func.text     ro code  0x008d27    0x79  max7219.o [1]
  .far_func.text     ro code  0x008da0    0x73  i2c.o [1]
  .far_func.text     ro code  0x008e13    0x70  font.o [1]
  .near.rodata       const    0x008e83    0x58  font.o [1]
  .far_func.text     ro code  0x008edb    0x55  main.o [1]
  .far_func.text     ro code  0x008f30    0x50  stm8s_tim1.o [1]
  .far_func.text     ro code  0x008f80    0x4c  main.o [1]
  .far_func.text     ro code  0x008fcc    0x47  short.o [4]
  .far_func.text     ro code  0x009013    0x46  stm8s_i2c.o [1]
  .far_func.text     ro code  0x009059    0x42  max7219.o [1]
  .far_func.text     ro code  0x00909b    0x3e  stm8s_tim1.o [1]
  .far_func.text     ro code  0x0090d9    0x3b  stm8s_tim1.o [1]
  .far_func.text     ro code  0x009114    0x30  stm8s_clk.o [1]
  .far_func.text     ro code  0x009144    0x30  stm8s_i2c.o [1]
  .far_func.text     ro code  0x009174    0x30  stm8s_spi.o [1]
  .far_func.text     ro code  0x0091a4    0x30  stm8s_spi.o [1]
  .far_func.text     ro code  0x0091d4    0x30  stm8s_tim1.o [1]
  .far_func.text     ro code  0x009204    0x2e  DS1307.o [1]
  .far_func.text     ro code  0x009232    0x2e  DS1307.o [1]
  .far_func.text     ro code  0x009260    0x2e  i2c.o [1]
  .far_func.text     ro code  0x00928e    0x2c  DS1307.o [1]
  .far_func.text     ro code  0x0092ba    0x28  init_small.o [4]
  .far_func.text     ro code  0x0092e2    0x25  stm8s_i2c.o [1]
  .far_func.text     ro code  0x009307    0x24  main.o [1]
  .near.rodata       const    0x00932b    0x24  stm8s_exti.o [1]
  .near.rodata       const    0x00934f    0x24  stm8s_gpio.o [1]
  .near.rodata       const    0x009373    0x24  stm8s_tim1.o [1]
  .far_func.text     ro code  0x009397    0x23  max7219.o [1]
  .near.rodata       const    0x0093ba    0x23  stm8s_clk.o [1]
  .near.rodata       const    0x0093dd    0x23  stm8s_i2c.o [1]
  .near.rodata       const    0x009400    0x23  stm8s_spi.o [1]
  .far_func.text     ro code  0x009423    0x22  stm8s_tim1.o [1]
  .iar.init_table    const    0x009445    0x14  - Linker created -
  .far_func.text     ro code  0x009459    0x1e  init.o [4]
  .far_func.text     ro code  0x009477    0x1e  init_small.o [4]
  .far_func.text     ro code  0x009495    0x1c  main.o [1]
  .far_func.text     ro code  0x0094b1    0x17  cstartup.o [4]
  .far_func.text     ro code  0x0094c8    0x16  main.o [1]
  .far_func.text     ro code  0x0094de    0x16  __dbg_xxexit.o [3]
  .far_func.text     ro code  0x0094f4    0x15  stm8s_spi.o [1]
  .far_func.text     ro code  0x009509    0x14  font.o [1]
  .far_func.text     ro code  0x00951d    0x10  stm8s_gpio.o [1]
  .far_func.text     ro code  0x00952d     0xe  far_util.o [4]
  .far_func.text     ro code  0x00953b     0x9  main.o [1]
  .far_func.text     ro code  0x009544     0x9  max7219.o [1]
  .far_func.text     ro code  0x00954d     0x9  stm8s_tim1.o [1]
  .far_func.text     ro code  0x009556     0x7  stm8s_gpio.o [1]
  .far_func.text     ro code  0x00955d     0x6  char.o [4]
  .far_func.text     ro code  0x009563     0x6  cexit.o [4]
  .far_func.text     ro code  0x009569     0x5  max7219.o [1]
  .far_func.text     ro code  0x00956e     0x5  max7219.o [1]
  .far_func.text     ro code  0x009573     0x4  interrupt.o [4]
  .far_func.text     ro code  0x009577     0x4  exit.o [4]
  .far_func.text     ro code  0x00957b     0x3  low_level_init.o [4]
  .far_func.text     ro code  0x00957e     0x3  unhandled_exception.o [4]
  .far_func.text     ro code  0x009581     0x2  main.o [1]
  .far_func.text     ro code  0x009583     0x1  stm8s_it.o [1]
  .far_func.text     ro code  0x009584     0x1  stm8s_it.o [1]
  .far_func.text     ro code  0x009585     0x1  stm8s_it.o [1]
  .far_func.text     ro code  0x009586     0x1  stm8s_it.o [1]
  .far_func.text     ro code  0x009587     0x1  stm8s_it.o [1]
  .far_func.text     ro code  0x009588     0x1  stm8s_it.o [1]
  .far_func.text     ro code  0x009589     0x1  stm8s_it.o [1]
  .far_func.text     ro code  0x00958a     0x1  stm8s_it.o [1]
  .far_func.text     ro code  0x00958b     0x1  stm8s_it.o [1]
  .far_func.text     ro code  0x00958c     0x1  stm8s_it.o [1]
  .far_func.text     ro code  0x00958d     0x1  stm8s_it.o [1]
  .far_func.text     ro code  0x00958e     0x1  stm8s_it.o [1]
  .far_func.text     ro code  0x00958f     0x1  stm8s_it.o [1]
  .far_func.text     ro code  0x009590     0x1  stm8s_it.o [1]
  .far_func.text     ro code  0x009591     0x1  stm8s_it.o [1]
  .far_func.text     ro code  0x009592     0x1  stm8s_it.o [1]
  .far_func.text     ro code  0x009593     0x1  __dbg_break.o [3]
  Initializer bytes  const    0x009594     0x1  <for P2-1>
                            - 0x009595  0x1515


*******************************************************************************
*** INIT TABLE
***

          Address   Size
          -------   ----
Zero (__iar_zero_init2)
    1 destination range, total size 0x5b:
          0x000011  0x5b

Copy (__iar_copy_init2)
    1 source range, total size 0x1:
          0x009594   0x1
    1 destination range, total size 0x1:
          0x000010   0x1



*******************************************************************************
*** MODULE SUMMARY
***

    Module                 ro code  ro data  rw data
    ------                 -------  -------  -------
E:\stm8s\Debug\Obj: [1]
    DS1307.o                   136
    font.o                     275       88        8
    i2c.o                      161
    main.o                     831        1       81
    max7219.o                  403                 3
    stm8s_clk.o                415       35
    stm8s_exti.o               211       36
    stm8s_gpio.o               297       36
    stm8s_i2c.o                708       35
    stm8s_it.o                  16
    stm8s_spi.o                447       35
    stm8s_tim1.o               445       36
    ------------------------------------------------
    Total:                   4 345      302       92

command line: [2]
    ------------------------------------------------
    Total:

dbgstm8mmd.a: [3]
    __dbg_break.o                1
    __dbg_xxexit.o              22
    ------------------------------------------------
    Total:                      23

dlstm8mmn.a: [4]
    cexit.o                      6
    char.o                       6
    cstartup.o                  23
    exit.o                       4
    far_util.o                  14
    init.o                      30
    init_small.o                70
    interrupt.o                  4      128
    long.o                     252
    low_level_init.o             3
    short.o                     71
    unhandled_exception.o        3
    vreg_util.o                221
    vregs.o                                       16
    ------------------------------------------------
    Total:                     707      128       16

    Linker created                       20      256
----------------------------------------------------
    Grand Total:             5 075      450      364


*******************************************************************************
*** ENTRY LIST
***

Entry                    Address   Size  Type      Object
-----                    -------   ----  ----      ------
.iar.init_table$$Base   0x009445          --   Gb  - Linker created -
.iar.init_table$$Limit  0x009459          --   Gb  - Linker created -
?b0                     0x000000         Data  Gb  vregs.o [4]
?b1                     0x000001         Data  Gb  vregs.o [4]
?b10                    0x00000a         Data  Gb  vregs.o [4]
?b11                    0x00000b         Data  Gb  vregs.o [4]
?b12                    0x00000c         Data  Gb  vregs.o [4]
?b13                    0x00000d         Data  Gb  vregs.o [4]
?b14                    0x00000e         Data  Gb  vregs.o [4]
?b15                    0x00000f         Data  Gb  vregs.o [4]
?b2                     0x000002         Data  Gb  vregs.o [4]
?b3                     0x000003         Data  Gb  vregs.o [4]
?b4                     0x000004         Data  Gb  vregs.o [4]
?b5                     0x000005         Data  Gb  vregs.o [4]
?b6                     0x000006         Data  Gb  vregs.o [4]
?b7                     0x000007         Data  Gb  vregs.o [4]
?b8                     0x000008         Data  Gb  vregs.o [4]
?b9                     0x000009         Data  Gb  vregs.o [4]
?e0                     0x000001         Data  Gb  vregs.o [4]
?e1                     0x000005         Data  Gb  vregs.o [4]
?e2                     0x000009         Data  Gb  vregs.o [4]
?e3                     0x00000d         Data  Gb  vregs.o [4]
?epilogue_l2            0x0089cd         Code  Gb  vreg_util.o [4]
?epilogue_l2_l3         0x0089c9         Code  Gb  vreg_util.o [4]
?epilogue_w4            0x0089d2         Code  Gb  vreg_util.o [4]
?l0                     0x000000         Data  Gb  vregs.o [4]
?l1                     0x000004         Data  Gb  vregs.o [4]
?l2                     0x000008         Data  Gb  vregs.o [4]
?l3                     0x00000c         Data  Gb  vregs.o [4]
?load24_e1_0x           0x00952d         Code  Gb  far_util.o [4]
?mov_e0_e2              0x0089da         Code  Gb  vreg_util.o [4]
?mov_e1_e2              0x0089e7         Code  Gb  vreg_util.o [4]
?mov_e2_e0              0x0089f4         Code  Gb  vreg_util.o [4]
?mov_l0_l2              0x0089d7         Code  Gb  vreg_util.o [4]
?mov_l1_l2              0x0089e4         Code  Gb  vreg_util.o [4]
?mov_l2_l0              0x0089f1         Code  Gb  vreg_util.o [4]
?mov_w1_w5              0x0089dd         Code  Gb  vreg_util.o [4]
?mov_w3_w5              0x0089ea         Code  Gb  vreg_util.o [4]
?mov_w5_w1              0x0089f7         Code  Gb  vreg_util.o [4]
?mul16_x_x_w0           0x008fcc         Code  Gb  short.o [4]
?mul32_l0_l0_l1         0x008742         Code  Gb  long.o [4]
?pop_l0                 0x008991         Code  Gb  vreg_util.o [4]
?pop_l1                 0x00899c         Code  Gb  vreg_util.o [4]
?pop_l2                 0x0089a7         Code  Gb  vreg_util.o [4]
?pop_l3                 0x0089b2         Code  Gb  vreg_util.o [4]
?pop_w4                 0x008942         Code  Gb  vreg_util.o [4]
?pop_w5                 0x008949         Code  Gb  vreg_util.o [4]
?push_l0                0x00895c         Code  Gb  vreg_util.o [4]
?push_l1                0x008961         Code  Gb  vreg_util.o [4]
?push_l2                0x008966         Code  Gb  vreg_util.o [4]
?push_l3                0x00896b         Code  Gb  vreg_util.o [4]
?push_w4                0x008921         Code  Gb  vreg_util.o [4]
?push_w5                0x008926         Code  Gb  vreg_util.o [4]
?sdiv16_x_x_y           0x008fea         Code  Gb  short.o [4]
?sll16_x_x_a            0x009003         Code  Gb  short.o [4]
?sll32_0x_0x_a          0x008830         Code  Gb  long.o [4]
?sll32_l0_l0_a          0x00882d         Code  Gb  long.o [4]
?sll8_a_a_5             0x00955e         Code  Gb  char.o [4]
?sll8_a_a_6             0x00955d         Code  Gb  char.o [4]
?sra16_x_x_a            0x00900b         Code  Gb  short.o [4]
?udiv32_l0_l0_l1        0x0087c0         Code  Gb  long.o [4]
?umod32_l1_l0_l1        0x0087c0         Code  Gb  long.o [4]
?w0                     0x000000         Data  Gb  vregs.o [4]
?w1                     0x000002         Data  Gb  vregs.o [4]
?w2                     0x000004         Data  Gb  vregs.o [4]
?w3                     0x000006         Data  Gb  vregs.o [4]
?w4                     0x000008         Data  Gb  vregs.o [4]
?w5                     0x00000a         Data  Gb  vregs.o [4]
?w6                     0x00000c         Data  Gb  vregs.o [4]
?w7                     0x00000e         Data  Gb  vregs.o [4]
ADC1_IRQHandler         0x009590    0x1  Code  Gb  stm8s_it.o [1]
AWU_IRQHandler          0x009585    0x1  Code  Gb  stm8s_it.o [1]
CLK_HSICmd              0x009114   0x30  Code  Gb  stm8s_clk.o [1]
CLK_IRQHandler          0x009586    0x1  Code  Gb  stm8s_it.o [1]
CLK_PeripheralClockConfig
                        0x00883e   0xe3  Code  Gb  stm8s_clk.o [1]
CLK_SYSCLKConfig        0x008c9b   0x8c  Code  Gb  stm8s_clk.o [1]
CSTACK$$Base            0x000300          --   Gb  - Linker created -
CSTACK$$Limit           0x000400          --   Gb  - Linker created -
EEPROM_EEC_IRQHandler   0x009592    0x1  Code  Gb  stm8s_it.o [1]
EXTI_PORTA_IRQHandler   0x008f80   0x4c  Code  Gb  main.o [1]
EXTI_PORTB_IRQHandler   0x009587    0x1  Code  Gb  stm8s_it.o [1]
EXTI_PORTC_IRQHandler   0x008edb   0x55  Code  Gb  main.o [1]
EXTI_PORTC_IRQHandler::buttonState
                        0x000010    0x1  Data  Lc  main.o [1]
EXTI_PORTD_IRQHandler   0x009588    0x1  Code  Gb  stm8s_it.o [1]
EXTI_PORTE_IRQHandler   0x009589    0x1  Code  Gb  stm8s_it.o [1]
EXTI_SetExtIntSensitivity
                        0x0089fe   0xd3  Code  Gb  stm8s_exti.o [1]
GPIO_Init               0x008630  0x112  Code  Gb  stm8s_gpio.o [1]
GPIO_ReadInputPin       0x00951d   0x10  Code  Gb  stm8s_gpio.o [1]
GPIO_WriteReverse       0x009556    0x7  Code  Gb  stm8s_gpio.o [1]
I2C_AcknowledgeConfig   0x009013   0x46  Code  Gb  stm8s_i2c.o [1]
I2C_Cmd                 0x009144   0x30  Code  Gb  stm8s_i2c.o [1]
I2C_DeInit              0x0092e2   0x25  Code  Gb  stm8s_i2c.o [1]
I2C_Init                0x0082bd  0x229  Code  Gb  stm8s_i2c.o [1]
INTVEC$$Base            0x008000          --   Gb  - Linker created -
INTVEC$$Limit           0x008080          --   Gb  - Linker created -
Region$$Table$$Base     0x009445          --   Gb  - Linker created -
Region$$Table$$Limit    0x009459          --   Gb  - Linker created -
SPI_CalculateCRCCmd     0x0091a4   0x30  Code  Gb  stm8s_spi.o [1]
SPI_Cmd                 0x009174   0x30  Code  Gb  stm8s_spi.o [1]
SPI_DeInit              0x0094f4   0x15  Code  Gb  stm8s_spi.o [1]
SPI_IRQHandler          0x00958a    0x1  Code  Gb  stm8s_it.o [1]
SPI_Init                0x0084e6  0x14a  Code  Gb  stm8s_spi.o [1]
TIM1_CAP_COM_IRQHandler
                        0x00958b    0x1  Code  Gb  stm8s_it.o [1]
TIM1_ClearITPendingBit  0x009423   0x22  Code  Gb  stm8s_tim1.o [1]
TIM1_Cmd                0x0091d4   0x30  Code  Gb  stm8s_tim1.o [1]
TIM1_CounterModeConfig  0x00909b   0x3e  Code  Gb  stm8s_tim1.o [1]
TIM1_DeInit             0x008b73   0x99  Code  Gb  stm8s_tim1.o [1]
TIM1_ITConfig           0x008f30   0x50  Code  Gb  stm8s_tim1.o [1]
TIM1_PrescalerConfig    0x0090d9   0x3b  Code  Gb  stm8s_tim1.o [1]
TIM1_SetAutoreload      0x00954d    0x9  Code  Gb  stm8s_tim1.o [1]
TIM1_UPD_OVF_TRG_BRK_IRQHandler
                        0x009307   0x24  Code  Gb  main.o [1]
TIM2_CAP_COM_IRQHandler
                        0x00958d    0x1  Code  Gb  stm8s_it.o [1]
TIM2_UPD_OVF_BRK_IRQHandler
                        0x00958c    0x1  Code  Gb  stm8s_it.o [1]
TIM4_UPD_OVF_IRQHandler
                        0x009591    0x1  Code  Gb  stm8s_it.o [1]
TLI_IRQHandler          0x009584    0x1  Code  Gb  stm8s_it.o [1]
TRAP_IRQHandler         0x009583    0x1  Code  Gb  stm8s_it.o [1]
UART1_RX_IRQHandler     0x00958f    0x1  Code  Gb  stm8s_it.o [1]
UART1_TX_IRQHandler     0x00958e    0x1  Code  Gb  stm8s_it.o [1]
__DebugBreak            0x009593    0x1  Code  Gb  __dbg_break.o [3]
__exit                  0x0094de   0x16  Code  Gb  __dbg_xxexit.o [3]
__iar_copy_init2        0x0092ba         Code  Gb  init_small.o [4]
__iar_data_init2        0x009459   0x1e  Code  Gb  init.o [4]
__iar_program_start     0x0094b1         Code  Gb  cstartup.o [4]
__iar_unhandled_exception
                        0x00957e         Code  Gb  unhandled_exception.o [4]
__iar_zero_init2        0x009477         Code  Gb  init_small.o [4]
__intvec                0x008000         Data  Gb  interrupt.o [4]
__low_level_init        0x00957b    0x3  Code  Gb  low_level_init.o [4]
_exit                   0x009563         Code  Gb  cexit.o [4]
_interrupt_1            0x009583         Code  Gb  stm8s_it.o [1]
_interrupt_12           0x00958a         Code  Gb  stm8s_it.o [1]
_interrupt_13           0x009307         Code  Gb  main.o [1]
_interrupt_14           0x00958b         Code  Gb  stm8s_it.o [1]
_interrupt_15           0x00958c         Code  Gb  stm8s_it.o [1]
_interrupt_16           0x00958d         Code  Gb  stm8s_it.o [1]
_interrupt_19           0x00958e         Code  Gb  stm8s_it.o [1]
_interrupt_2            0x009584         Code  Gb  stm8s_it.o [1]
_interrupt_20           0x00958f         Code  Gb  stm8s_it.o [1]
_interrupt_24           0x009590         Code  Gb  stm8s_it.o [1]
_interrupt_25           0x009591         Code  Gb  stm8s_it.o [1]
_interrupt_26           0x009592         Code  Gb  stm8s_it.o [1]
_interrupt_3            0x009585         Code  Gb  stm8s_it.o [1]
_interrupt_4            0x009586         Code  Gb  stm8s_it.o [1]
_interrupt_5            0x008f80         Code  Gb  main.o [1]
_interrupt_6            0x009587         Code  Gb  stm8s_it.o [1]
_interrupt_7            0x008edb         Code  Gb  main.o [1]
_interrupt_8            0x009588         Code  Gb  stm8s_it.o [1]
_interrupt_9            0x009589         Code  Gb  stm8s_it.o [1]
assert_failed           0x009581    0x2  Code  Gb  main.o [1]
clockMode               0x000061    0x1  Data  Lc  main.o [1]
count                   0x00006a    0x1  Data  Lc  main.o [1]
dataBuff                0x00005f    0x2  Data  Lc  max7219.o [1]
ds1307_get_hours        0x009232   0x2e  Code  Gb  DS1307.o [1]
ds1307_get_minutes      0x009204   0x2e  Code  Gb  DS1307.o [1]
ds1307_get_seconds      0x00928e   0x2c  Code  Gb  DS1307.o [1]
encoderChannelAPrevState
                        0x000069    0x1  Data  Lc  main.o [1]
encoderChannelAState    0x000067    0x1  Data  Lc  main.o [1]
encoderChannelBState    0x000068    0x1  Data  Lc  main.o [1]
encoderCounter          0x000062    0x1  Data  Lc  main.o [1]
encoderLastTick         0x00005b    0x2  Data  Lc  main.o [1]
exit                    0x009577    0x4  Code  Gb  exit.o [4]
fontAddDots             0x008e13   0x70  Code  Gb  font.o [1]
fontArray               0x008e83   0x58  Data  Lc  font.o [1]
fontGetNumberArray      0x009509   0x14  Code  Gb  font.o [1]
fontGetNumberArrayShifted
                        0x008c0c   0x8f  Code  Gb  font.o [1]
func                    0x009495   0x1c  Code  Lc  main.o [1]
getCurrentTick          0x00953b    0x9  Code  Lc  main.o [1]
hours                   0x000063    0x1  Data  Lc  main.o [1]
i2cInit                 0x009260   0x2e  Code  Gb  i2c.o [1]
i2c_read                0x008da0   0x73  Code  Gb  i2c.o [1]
isMax7219Inited         0x00006b    0x1  Data  Lc  max7219.o [1]
lastTick                0x00005d    0x2  Data  Lc  main.o [1]
main                    0x008080  0x23d  Code  Gb  main.o [1]
main::max7219Buff       0x000011   0x40  Data  Lc  main.o [1]
main{1}{2}{4}{5}::blink
                        0x000066    0x1  Data  Lc  main.o [1]
max7219FillCommandBuff  0x008d27   0x79  Code  Lc  max7219.o [1]
max7219Init             0x008ad1   0xa2  Code  Gb  max7219.o [1]
max7219LatchData        0x00956e    0x5  Code  Lc  max7219.o [1]
max7219PushData         0x009569    0x5  Code  Lc  max7219.o [1]
max7219SendData         0x009397   0x23  Code  Lc  max7219.o [1]
max7219SendSymbol       0x009059   0x42  Code  Gb  max7219.o [1]
minutes                 0x000064    0x1  Data  Lc  main.o [1]
seconds                 0x000065    0x1  Data  Lc  main.o [1]
spiPushByte             0x009544    0x9  Code  Lc  max7219.o [1]
symbol                  0x000051    0x8  Data  Lc  font.o [1]
timeTick                0x000059    0x2  Data  Lc  main.o [1]
updateTime              0x0094c8   0x16  Code  Lc  main.o [1]


[1] = E:\stm8s\Debug\Obj
[2] = command line
[3] = dbgstm8mmd.a
[4] = dlstm8mmn.a

  5 075 bytes of readonly  code memory
    450 bytes of readonly  data memory
    364 bytes of readwrite data memory

Errors: none
Warnings: none
