###############################################################################
#
# IAR ELF Linker V3.10.1.201 for STM8                     26/Jan/2019  16:26:19
# Copyright 2010-2017 IAR Systems AB.
#
#    Output file  =  D:\stm8s\Debug\Exe\STM8test.out
#    Map file     =  D:\stm8s\Debug\List\STM8test.map
#    Command line =  
#        -f C:\Users\emblink\AppData\Local\Temp\EW8CCC.tmp
#        (D:\stm8s\Debug\Obj\ledPanel.o D:\stm8s\Debug\Obj\main.o
#        D:\stm8s\Debug\Obj\max7219.o D:\stm8s\Debug\Obj\stm8s_clk.o
#        D:\stm8s\Debug\Obj\stm8s_exti.o D:\stm8s\Debug\Obj\stm8s_gpio.o
#        D:\stm8s\Debug\Obj\stm8s_it.o D:\stm8s\Debug\Obj\stm8s_spi.o
#        D:\stm8s\Debug\Obj\stm8s_tim1.o D:\stm8s\Debug\Obj\stm8s_tim2.o
#        --redirect _Printf=_PrintfFullNoMb --redirect _Scanf=_ScanfFullNoMb -o
#        D:\stm8s\Debug\Exe\STM8test.out --map D:\stm8s\Debug\List\STM8test.map
#        --config F:\IAR\stm8\config\lnkstm8s103f3.icf --config_def
#        _CSTACK_SIZE=0x100 --config_def _HEAP_SIZE=0x100 --entry
#        __iar_program_start --debug_lib)
#
###############################################################################

*******************************************************************************
*** RUNTIME MODEL ATTRIBUTES
***

__SystemLibrary            = DLib
__code_model               = small
__core                     = stm8
__data_model               = medium
__dlib_file_descriptor     = 0
__dlib_full_locale_support = 0
__rt_version               = 4


*******************************************************************************
*** PLACEMENT SUMMARY
***

"A0":  place at start of [0x000000-0x0000ff] { rw section .vregs };
"A1":  place at end of [0x000000-0x0003ff] { block CSTACK };
"P2":  place in [from 0x000000 to 0x0003ff] {
          block HEAP, rw section __DLIB_PERTHREAD, rw section .far.bss,
          rw section .far.data, rw section .far.noinit,
          rw section .far_func.textrw, rw section .huge.bss,
          rw section .huge.data, rw section .huge.noinit,
          rw section .huge_func.textrw, rw section .iar.dynexit,
          rw section .near.bss, rw section .near.data, rw section .near.noinit,
          rw section .near_func.textrw };
"A2":  place at start of [0x008000-0x009fff] { block INTVEC };
"P3":  place in [from 0x008000 to 0x009fff] {
          ro section __DLIB_PERTHREAD_init, ro section .far.data_init,
          ro section .far_func.textrw_init, ro section .huge.data_init,
          ro section .huge_func.textrw_init, ro section .iar.init_table,
          ro section .init_array, ro section .near.data_init,
          ro section .near.rodata, ro section .near_func.text,
          ro section .near_func.textrw_init, ro section .tiny.data_init,
          ro section .tiny.rodata_init };
"P4":  place in [from 0x008000 to 0x009fff] {
          ro section .far.rodata, ro section .far_func.text };
"P5":  place in [from 0x008000 to 0x009fff] {
          ro section .huge.rodata, ro section .huge_func.text };
do not initialize {
   rw section .eeprom.noinit, rw section .far.noinit, rw section .huge.noinit,
   rw section .near.noinit, rw section .tiny.noinit, rw section .vregs };

  Section          Kind      Address   Size  Object
  -------          ----      -------   ----  ------
"A0":                                  0x10
  .vregs           uninit   0x000000   0x10  vregs.o [4]
                          - 0x000010   0x10

"P2":                                   0xc
  .near.bss        zero     0x000010    0x4  stm8s_it.o [1]
  .near.bss        zero     0x000014    0x4  stm8s_it.o [1]
  .near.bss        zero     0x000018    0x4  stm8s_it.o [1]
                          - 0x00001c    0xc

"A1":                                 0x100
  CSTACK                    0x000300  0x100  <Block>
    CSTACK         uninit   0x000300  0x100  <Block tail>
                          - 0x000400  0x100

"A2":                                  0x80
  INTVEC                    0x008000   0x80  <Block>
    .intvec        const    0x008000   0x80  interrupt.o [4]
                          - 0x008080   0x80

"P3-P5":                              0xda9
  .near_func.text  ro code  0x008080  0x15d  main.o [1]
  .near_func.text  ro code  0x0081dd  0x13f  stm8s_spi.o [1]
  .near_func.text  ro code  0x00831c  0x10e  stm8s_gpio.o [1]
  .near_func.text  ro code  0x00842a   0xdb  stm8s_clk.o [1]
  .near_func.text  ro code  0x008505   0xce  stm8s_exti.o [1]
  .near_func.text  ro code  0x0085d3   0xb0  vreg_util.o [4]
  .near_func.text  ro code  0x008683   0x99  stm8s_tim1.o [1]
  .near_func.text  ro code  0x00871c   0x8b  stm8s_clk.o [1]
  .near_func.text  ro code  0x0087a7   0x65  max7219.o [1]
  .near_func.text  ro code  0x00880c   0x4c  stm8s_tim1.o [1]
  .near_func.text  ro code  0x008858   0x4a  stm8s_it.o [1]
  .near_func.text  ro code  0x0088a2   0x45  max7219.o [1]
  .near_func.text  ro code  0x0088e7   0x43  ledPanel.o [1]
  .near_func.text  ro code  0x00892a   0x3d  stm8s_tim1.o [1]
  .near_func.text  ro code  0x008967   0x38  stm8s_tim1.o [1]
  .near_func.text  ro code  0x00899f   0x2f  stm8s_clk.o [1]
  .near_func.text  ro code  0x0089ce   0x2f  stm8s_spi.o [1]
  .near_func.text  ro code  0x0089fd   0x2f  stm8s_spi.o [1]
  .near_func.text  ro code  0x008a2c   0x2f  stm8s_tim1.o [1]
  .near_func.text  ro code  0x008a5b   0x2d  max7219.o [1]
  .near_func.text  ro code  0x008a88   0x2d  max7219.o [1]
  .near_func.text  ro code  0x008ab5   0x2b  max7219.o [1]
  .near_func.text  ro code  0x008ae0   0x2b  max7219.o [1]
  .near_func.text  ro code  0x008b0b   0x2b  long.o [4]
  .near_func.text  ro code  0x008b36   0x2a  max7219.o [1]
  .near_func.text  ro code  0x008b60   0x27  stm8s_it.o [1]
  .near_func.text  ro code  0x008b87   0x26  long_util.o [4]
  .near_func.text  ro code  0x008bad   0x25  max7219.o [1]
  .near.rodata     const    0x008bd2   0x24  stm8s_exti.o [1]
  .near.rodata     const    0x008bf6   0x24  stm8s_gpio.o [1]
  .near.rodata     const    0x008c1a   0x24  stm8s_tim1.o [1]
  .near.rodata     const    0x008c3e   0x23  stm8s_clk.o [1]
  .near.rodata     const    0x008c61   0x23  stm8s_spi.o [1]
  .near_func.text  ro code  0x008c84   0x21  stm8s_tim1.o [1]
  .iar.init_table  const    0x008ca5    0x8  - Linker created -
  .near_func.text  ro code  0x008cad   0x1e  init_small.o [4]
  .near_func.text  ro code  0x008ccb   0x1b  main.o [1]
  .near_func.text  ro code  0x008ce6   0x19  ledPanel.o [1]
  .near_func.text  ro code  0x008cff   0x17  ledPanel.o [1]
  .near_func.text  ro code  0x008d16   0x17  max7219.o [1]
  .near_func.text  ro code  0x008d2d   0x17  max7219.o [1]
  .near_func.text  ro code  0x008d44   0x15  stm8s_spi.o [1]
  .near_func.text  ro code  0x008d59   0x14  init.o [4]
  .near_func.text  ro code  0x008d6d   0x14  __dbg_xxexit.o [3]
  .near_func.text  ro code  0x008d81   0x13  cstartup.o [4]
  .near_func.text  ro code  0x008d94   0x11  stm8s_it.o [1]
  .near_func.text  ro code  0x008da5   0x10  stm8s_it.o [1]
  .near_func.text  ro code  0x008db5    0xd  move.o [4]
  .near_func.text  ro code  0x008dc2    0x9  stm8s_tim1.o [1]
  .near.rodata     const    0x008dcb    0x8  main.o [1]
  .near.rodata     const    0x008dd3    0x8  max7219.o [1]
  .near.rodata     const    0x008ddb    0x8  max7219.o [1]
  .near_func.text  ro code  0x008de3    0x8  short.o [4]
  .near_func.text  ro code  0x008deb    0x7  stm8s_gpio.o [1]
  .near_func.text  ro code  0x008df2    0x7  stm8s_gpio.o [1]
  .near_func.text  ro code  0x008df9    0x6  char.o [4]
  .near_func.text  ro code  0x008dff    0x5  cexit.o [4]
  .near_func.text  ro code  0x008e04    0x4  ledPanel.o [1]
  .near_func.text  ro code  0x008e08    0x3  interrupt.o [4]
  .near_func.text  ro code  0x008e0b    0x3  low_level_init.o [4]
  .near_func.text  ro code  0x008e0e    0x3  exit.o [4]
  .near_func.text  ro code  0x008e11    0x3  unhandled_exception.o [4]
  .near_func.text  ro code  0x008e14    0x2  main.o [1]
  .near_func.text  ro code  0x008e16    0x1  stm8s_it.o [1]
  .near_func.text  ro code  0x008e17    0x1  stm8s_it.o [1]
  .near_func.text  ro code  0x008e18    0x1  stm8s_it.o [1]
  .near_func.text  ro code  0x008e19    0x1  stm8s_it.o [1]
  .near_func.text  ro code  0x008e1a    0x1  stm8s_it.o [1]
  .near_func.text  ro code  0x008e1b    0x1  stm8s_it.o [1]
  .near_func.text  ro code  0x008e1c    0x1  stm8s_it.o [1]
  .near_func.text  ro code  0x008e1d    0x1  stm8s_it.o [1]
  .near_func.text  ro code  0x008e1e    0x1  stm8s_it.o [1]
  .near_func.text  ro code  0x008e1f    0x1  stm8s_it.o [1]
  .near_func.text  ro code  0x008e20    0x1  stm8s_it.o [1]
  .near_func.text  ro code  0x008e21    0x1  stm8s_it.o [1]
  .near_func.text  ro code  0x008e22    0x1  stm8s_it.o [1]
  .near_func.text  ro code  0x008e23    0x1  stm8s_it.o [1]
  .near_func.text  ro code  0x008e24    0x1  stm8s_it.o [1]
  .near_func.text  ro code  0x008e25    0x1  stm8s_it.o [1]
  .near_func.text  ro code  0x008e26    0x1  stm8s_it.o [1]
  .near_func.text  ro code  0x008e27    0x1  stm8s_it.o [1]
  .near_func.text  ro code  0x008e28    0x1  __dbg_break.o [3]
                          - 0x008e29  0xda9


*******************************************************************************
*** INIT TABLE
***

          Address   Size
          -------   ----
Zero (__iar_zero_init2)
    1 destination range, total size 0xc:
          0x000010   0xc



*******************************************************************************
*** MODULE SUMMARY
***

    Module                 ro code  ro data  rw data
    ------                 -------  -------  -------
D:\stm8s\Debug\Obj: [1]
    ledPanel.o                 119
    main.o                     378        8
    max7219.o                  471       16
    stm8s_clk.o                405       35
    stm8s_exti.o               206       36
    stm8s_gpio.o               284       36
    stm8s_it.o                 164                12
    stm8s_spi.o                434       35
    stm8s_tim1.o               435       36
    ------------------------------------------------
    Total:                   2 896      202       12

command line: [2]
    ------------------------------------------------
    Total:

dbgstm8smd.a: [3]
    __dbg_break.o                1
    __dbg_xxexit.o              20
    ------------------------------------------------
    Total:                      21

dlstm8smn.a: [4]
    cexit.o                      5
    char.o                       6
    cstartup.o                  19
    exit.o                       3
    init.o                      20
    init_small.o                30
    interrupt.o                  3      128
    long.o                      43
    long_util.o                 38
    low_level_init.o             3
    move.o                      13
    short.o                      8
    unhandled_exception.o        3
    vreg_util.o                176
    vregs.o                                       16
    ------------------------------------------------
    Total:                     370      128       16

    Linker created                        8      256
----------------------------------------------------
    Grand Total:             3 287      338      284


*******************************************************************************
*** ENTRY LIST
***

Entry                    Address   Size  Type      Object
-----                    -------   ----  ----      ------
.iar.init_table$$Base   0x008ca5          --   Gb  - Linker created -
.iar.init_table$$Limit  0x008cad          --   Gb  - Linker created -
?b0                     0x000000         Data  Gb  vregs.o [4]
?b1                     0x000001         Data  Gb  vregs.o [4]
?b10                    0x00000a         Data  Gb  vregs.o [4]
?b11                    0x00000b         Data  Gb  vregs.o [4]
?b12                    0x00000c         Data  Gb  vregs.o [4]
?b13                    0x00000d         Data  Gb  vregs.o [4]
?b14                    0x00000e         Data  Gb  vregs.o [4]
?b15                    0x00000f         Data  Gb  vregs.o [4]
?b2                     0x000002         Data  Gb  vregs.o [4]
?b3                     0x000003         Data  Gb  vregs.o [4]
?b4                     0x000004         Data  Gb  vregs.o [4]
?b5                     0x000005         Data  Gb  vregs.o [4]
?b6                     0x000006         Data  Gb  vregs.o [4]
?b7                     0x000007         Data  Gb  vregs.o [4]
?b8                     0x000008         Data  Gb  vregs.o [4]
?b9                     0x000009         Data  Gb  vregs.o [4]
?e0                     0x000001         Data  Gb  vregs.o [4]
?e1                     0x000005         Data  Gb  vregs.o [4]
?e2                     0x000009         Data  Gb  vregs.o [4]
?e3                     0x00000d         Data  Gb  vregs.o [4]
?epilogue_l2            0x00866e         Code  Gb  vreg_util.o [4]
?epilogue_l2_l3         0x00866b         Code  Gb  vreg_util.o [4]
?epilogue_w4            0x008672         Code  Gb  vreg_util.o [4]
?inc32_0x_0x            0x008b10         Code  Gb  long.o [4]
?inc32_l0_l0            0x008b0b         Code  Gb  long.o [4]
?l0                     0x000000         Data  Gb  vregs.o [4]
?l1                     0x000004         Data  Gb  vregs.o [4]
?l2                     0x000008         Data  Gb  vregs.o [4]
?l3                     0x00000c         Data  Gb  vregs.o [4]
?load32_0x_l0           0x008b9f         Code  Gb  long_util.o [4]
?load32_l0_0x           0x008b87         Code  Gb  long_util.o [4]
?load32_l1_0x           0x008b93         Code  Gb  long_util.o [4]
?mov_e0_e1              0x008679         Code  Gb  vreg_util.o [4]
?mov_l0_l1              0x008676         Code  Gb  vreg_util.o [4]
?mov_w1_w3              0x00867c         Code  Gb  vreg_util.o [4]
?move1616_v_x_y_a       0x008db5         Code  Gb  move.o [4]
?pop_l0                 0x008637         Code  Gb  vreg_util.o [4]
?pop_l1                 0x008642         Code  Gb  vreg_util.o [4]
?pop_l2                 0x00864d         Code  Gb  vreg_util.o [4]
?pop_l3                 0x008658         Code  Gb  vreg_util.o [4]
?pop_w4                 0x0085f0         Code  Gb  vreg_util.o [4]
?pop_w5                 0x0085f7         Code  Gb  vreg_util.o [4]
?push_l0                0x008606         Code  Gb  vreg_util.o [4]
?push_l1                0x00860b         Code  Gb  vreg_util.o [4]
?push_l2                0x008610         Code  Gb  vreg_util.o [4]
?push_l3                0x008615         Code  Gb  vreg_util.o [4]
?push_w4                0x0085d3         Code  Gb  vreg_util.o [4]
?push_w5                0x0085d8         Code  Gb  vreg_util.o [4]
?sll16_x_x_a            0x008de3         Code  Gb  short.o [4]
?sll8_a_a_5             0x008dfa         Code  Gb  char.o [4]
?sll8_a_a_6             0x008df9         Code  Gb  char.o [4]
?sub32_l0_l0_0x         0x008b1e         Code  Gb  long.o [4]
?w0                     0x000000         Data  Gb  vregs.o [4]
?w1                     0x000002         Data  Gb  vregs.o [4]
?w2                     0x000004         Data  Gb  vregs.o [4]
?w3                     0x000006         Data  Gb  vregs.o [4]
?w4                     0x000008         Data  Gb  vregs.o [4]
?w5                     0x00000a         Data  Gb  vregs.o [4]
?w6                     0x00000c         Data  Gb  vregs.o [4]
?w7                     0x00000e         Data  Gb  vregs.o [4]
ADC1_IRQHandler         0x008e25    0x1  Code  Gb  stm8s_it.o [1]
AWU_IRQHandler          0x008e18    0x1  Code  Gb  stm8s_it.o [1]
CLK_HSICmd              0x00899f   0x2f  Code  Gb  stm8s_clk.o [1]
CLK_IRQHandler          0x008e19    0x1  Code  Gb  stm8s_it.o [1]
CLK_PeripheralClockConfig
                        0x00842a   0xdb  Code  Gb  stm8s_clk.o [1]
CLK_SYSCLKConfig        0x00871c   0x8b  Code  Gb  stm8s_clk.o [1]
CSTACK$$Base            0x000300          --   Gb  - Linker created -
CSTACK$$Limit           0x000400          --   Gb  - Linker created -
EEPROM_EEC_IRQHandler   0x008e27    0x1  Code  Gb  stm8s_it.o [1]
EXTI_PORTA_IRQHandler   0x008e1a    0x1  Code  Gb  stm8s_it.o [1]
EXTI_PORTB_IRQHandler   0x008e1b    0x1  Code  Gb  stm8s_it.o [1]
EXTI_PORTC_IRQHandler   0x008858   0x4a  Code  Gb  stm8s_it.o [1]
EXTI_PORTD_IRQHandler   0x008e1c    0x1  Code  Gb  stm8s_it.o [1]
EXTI_PORTE_IRQHandler   0x008e1d    0x1  Code  Gb  stm8s_it.o [1]
EXTI_SetExtIntSensitivity
                        0x008505   0xce  Code  Gb  stm8s_exti.o [1]
GPIO_Init               0x00831c  0x10e  Code  Gb  stm8s_gpio.o [1]
GPIO_ReadInputPin       0x008df2    0x7  Code  Gb  stm8s_gpio.o [1]
GPIO_WriteReverse       0x008deb    0x7  Code  Gb  stm8s_gpio.o [1]
I2C_IRQHandler          0x008e24    0x1  Code  Gb  stm8s_it.o [1]
INTVEC$$Base            0x008000          --   Gb  - Linker created -
INTVEC$$Limit           0x008080          --   Gb  - Linker created -
Region$$Table$$Base     0x008ca5          --   Gb  - Linker created -
Region$$Table$$Limit    0x008cad          --   Gb  - Linker created -
SPI_CalculateCRCCmd     0x0089fd   0x2f  Code  Gb  stm8s_spi.o [1]
SPI_Cmd                 0x0089ce   0x2f  Code  Gb  stm8s_spi.o [1]
SPI_DeInit              0x008d44   0x15  Code  Gb  stm8s_spi.o [1]
SPI_IRQHandler          0x008e1e    0x1  Code  Gb  stm8s_it.o [1]
SPI_Init                0x0081dd  0x13f  Code  Gb  stm8s_spi.o [1]
TIM1_CAP_COM_IRQHandler
                        0x008e1f    0x1  Code  Gb  stm8s_it.o [1]
TIM1_ClearITPendingBit  0x008c84   0x21  Code  Gb  stm8s_tim1.o [1]
TIM1_Cmd                0x008a2c   0x2f  Code  Gb  stm8s_tim1.o [1]
TIM1_CounterModeConfig  0x00892a   0x3d  Code  Gb  stm8s_tim1.o [1]
TIM1_DeInit             0x008683   0x99  Code  Gb  stm8s_tim1.o [1]
TIM1_ITConfig           0x00880c   0x4c  Code  Gb  stm8s_tim1.o [1]
TIM1_PrescalerConfig    0x008967   0x38  Code  Gb  stm8s_tim1.o [1]
TIM1_SetAutoreload      0x008dc2    0x9  Code  Gb  stm8s_tim1.o [1]
TIM1_UPD_OVF_TRG_BRK_IRQHandler
                        0x008b60   0x27  Code  Gb  stm8s_it.o [1]
TIM2_CAP_COM_IRQHandler
                        0x008e21    0x1  Code  Gb  stm8s_it.o [1]
TIM2_UPD_OVF_BRK_IRQHandler
                        0x008e20    0x1  Code  Gb  stm8s_it.o [1]
TIM4_UPD_OVF_IRQHandler
                        0x008e26    0x1  Code  Gb  stm8s_it.o [1]
TLI_IRQHandler          0x008e17    0x1  Code  Gb  stm8s_it.o [1]
TRAP_IRQHandler         0x008e16    0x1  Code  Gb  stm8s_it.o [1]
UART1_RX_IRQHandler     0x008e23    0x1  Code  Gb  stm8s_it.o [1]
UART1_TX_IRQHandler     0x008e22    0x1  Code  Gb  stm8s_it.o [1]
__DebugBreak            0x008e28    0x1  Code  Gb  __dbg_break.o [3]
__exit                  0x008d6d   0x14  Code  Gb  __dbg_xxexit.o [3]
__iar_data_init2        0x008d59   0x14  Code  Gb  init.o [4]
__iar_program_start     0x008d81         Code  Gb  cstartup.o [4]
__iar_unhandled_exception
                        0x008e11         Code  Gb  unhandled_exception.o [4]
__iar_zero_init2        0x008cad         Code  Gb  init_small.o [4]
__intvec                0x008000         Data  Gb  interrupt.o [4]
__low_level_init        0x008e0b    0x3  Code  Gb  low_level_init.o [4]
_exit                   0x008dff         Code  Gb  cexit.o [4]
_interrupt_1            0x008e16         Code  Gb  stm8s_it.o [1]
_interrupt_12           0x008e1e         Code  Gb  stm8s_it.o [1]
_interrupt_13           0x008b60         Code  Gb  stm8s_it.o [1]
_interrupt_14           0x008e1f         Code  Gb  stm8s_it.o [1]
_interrupt_15           0x008e20         Code  Gb  stm8s_it.o [1]
_interrupt_16           0x008e21         Code  Gb  stm8s_it.o [1]
_interrupt_19           0x008e22         Code  Gb  stm8s_it.o [1]
_interrupt_2            0x008e17         Code  Gb  stm8s_it.o [1]
_interrupt_20           0x008e23         Code  Gb  stm8s_it.o [1]
_interrupt_21           0x008e24         Code  Gb  stm8s_it.o [1]
_interrupt_24           0x008e25         Code  Gb  stm8s_it.o [1]
_interrupt_25           0x008e26         Code  Gb  stm8s_it.o [1]
_interrupt_26           0x008e27         Code  Gb  stm8s_it.o [1]
_interrupt_3            0x008e18         Code  Gb  stm8s_it.o [1]
_interrupt_4            0x008e19         Code  Gb  stm8s_it.o [1]
_interrupt_5            0x008e1a         Code  Gb  stm8s_it.o [1]
_interrupt_6            0x008e1b         Code  Gb  stm8s_it.o [1]
_interrupt_7            0x008858         Code  Gb  stm8s_it.o [1]
_interrupt_8            0x008e1c         Code  Gb  stm8s_it.o [1]
_interrupt_9            0x008e1d         Code  Gb  stm8s_it.o [1]
assert_failed           0x008e14    0x2  Code  Gb  main.o [1]
count                   0x000018    0x4  Data  Lc  stm8s_it.o [1]
delayMs                 0x008ccb   0x1b  Code  Gb  main.o [1]
exit                    0x008e0e    0x3  Code  Gb  exit.o [4]
func                    0x008da5   0x10  Code  Lc  stm8s_it.o [1]
getCurrentTick          0x008d94   0x11  Code  Gb  stm8s_it.o [1]
lastTick                0x000014    0x4  Data  Lc  stm8s_it.o [1]
ledPanelInit            0x008e04    0x4  Code  Gb  ledPanel.o [1]
ledPanelSendCommand     0x0088e7   0x43  Code  Gb  ledPanel.o [1]
ledPanelSendSymbol      0x008cff   0x17  Code  Gb  ledPanel.o [1]
ledPanleClearPanel      0x008ce6   0x19  Code  Gb  ledPanel.o [1]
main                    0x008080  0x15d  Code  Gb  main.o [1]
max7219ClearAllPanels   0x008ae0   0x2b  Code  Gb  max7219.o [1]
max7219ClearPanel       0x008bad   0x25  Code  Gb  max7219.o [1]
max7219FillRow          0x0087a7   0x65  Code  Lc  max7219.o [1]
max7219Init             0x008a5b   0x2d  Code  Gb  max7219.o [1]
max7219SendCommand      0x008b36   0x2a  Code  Lc  max7219.o [1]
max7219SendCommandToAll
                        0x008ab5   0x2b  Code  Lc  max7219.o [1]
max7219SendRow          0x008a88   0x2d  Code  Lc  max7219.o [1]
max7219SendSymbol       0x0088a2   0x45  Code  Gb  max7219.o [1]
max7219SetPanelState    0x008d2d   0x17  Code  Gb  max7219.o [1]
max7219SetTestMode      0x008d16   0x17  Code  Gb  max7219.o [1]
timeTick                0x000010    0x4  Data  Lc  stm8s_it.o [1]


[1] = D:\stm8s\Debug\Obj
[2] = command line
[3] = dbgstm8smd.a
[4] = dlstm8smn.a

  3 287 bytes of readonly  code memory
    338 bytes of readonly  data memory
    284 bytes of readwrite data memory

Errors: none
Warnings: none
