###############################################################################
#
# IAR ELF Linker V3.10.1.201 for STM8                     17/Jan/2019  00:34:45
# Copyright 2010-2017 IAR Systems AB.
#
#    Output file  =  D:\stm8s\Debug\Exe\STM8test.out
#    Map file     =  D:\stm8s\Debug\List\STM8test.map
#    Command line =  
#        -f C:\Users\emblink\AppData\Local\Temp\EWD2A4.tmp
#        (D:\stm8s\Debug\Obj\main.o D:\stm8s\Debug\Obj\stm8s_clk.o
#        D:\stm8s\Debug\Obj\stm8s_exti.o D:\stm8s\Debug\Obj\stm8s_gpio.o
#        D:\stm8s\Debug\Obj\stm8s_it.o D:\stm8s\Debug\Obj\stm8s_spi.o
#        D:\stm8s\Debug\Obj\stm8s_tim1.o --redirect _Printf=_PrintfFullNoMb
#        --redirect _Scanf=_ScanfFullNoMb -o D:\stm8s\Debug\Exe\STM8test.out
#        --map D:\stm8s\Debug\List\STM8test.map --config
#        F:\IAR\stm8\config\lnkstm8s103f3.icf --config_def _CSTACK_SIZE=0x100
#        --config_def _HEAP_SIZE=0x100 --entry __iar_program_start --debug_lib)
#
###############################################################################

*******************************************************************************
*** RUNTIME MODEL ATTRIBUTES
***

__SystemLibrary            = DLib
__code_model               = small
__core                     = stm8
__data_model               = medium
__dlib_file_descriptor     = 0
__dlib_full_locale_support = 0
__rt_version               = 4


*******************************************************************************
*** PLACEMENT SUMMARY
***

"A0":  place at start of [0x000000-0x0000ff] { rw section .vregs };
"A1":  place at end of [0x000000-0x0003ff] { block CSTACK };
"P2":  place in [from 0x000000 to 0x0003ff] {
          block HEAP, rw section __DLIB_PERTHREAD, rw section .far.bss,
          rw section .far.data, rw section .far.noinit,
          rw section .far_func.textrw, rw section .huge.bss,
          rw section .huge.data, rw section .huge.noinit,
          rw section .huge_func.textrw, rw section .iar.dynexit,
          rw section .near.bss, rw section .near.data, rw section .near.noinit,
          rw section .near_func.textrw };
"A2":  place at start of [0x008000-0x009fff] { block INTVEC };
"P3":  place in [from 0x008000 to 0x009fff] {
          ro section __DLIB_PERTHREAD_init, ro section .far.data_init,
          ro section .far_func.textrw_init, ro section .huge.data_init,
          ro section .huge_func.textrw_init, ro section .iar.init_table,
          ro section .init_array, ro section .near.data_init,
          ro section .near.rodata, ro section .near_func.text,
          ro section .near_func.textrw_init, ro section .tiny.data_init,
          ro section .tiny.rodata_init };
"P4":  place in [from 0x008000 to 0x009fff] {
          ro section .far.rodata, ro section .far_func.text };
"P5":  place in [from 0x008000 to 0x009fff] {
          ro section .huge.rodata, ro section .huge_func.text };
do not initialize {
   rw section .eeprom.noinit, rw section .far.noinit, rw section .huge.noinit,
   rw section .near.noinit, rw section .tiny.noinit, rw section .vregs };

  Section          Kind      Address   Size  Object
  -------          ----      -------   ----  ------
"A0":                                   0xc
  .vregs           uninit   0x000000    0xc  vregs.o [4]
                          - 0x00000c    0xc

"P2":                                   0x8
  .near.bss        zero     0x00000c    0x4  stm8s_it.o [1]
  .near.bss        zero     0x000010    0x4  stm8s_it.o [1]
                          - 0x000014    0x8

"A1":                                 0x100
  CSTACK                    0x000300  0x100  <Block>
    CSTACK         uninit   0x000300  0x100  <Block tail>
                          - 0x000400  0x100

"A2":                                  0x80
  INTVEC                    0x008000   0x80  <Block>
    .intvec        const    0x008000   0x80  interrupt.o [4]
                          - 0x008080   0x80

"P3-P5":                              0x890
  .near_func.text  ro code  0x008080  0x110  stm8s_gpio.o [1]
  .near_func.text  ro code  0x008190   0xde  stm8s_clk.o [1]
  .near_func.text  ro code  0x00826e   0xd1  stm8s_exti.o [1]
  .near_func.text  ro code  0x00833f   0xb7  vreg_util.o [4]
  .near_func.text  ro code  0x0083f6   0xae  main.o [1]
  .near_func.text  ro code  0x0084a4   0x99  stm8s_tim1.o [1]
  .near_func.text  ro code  0x00853d   0x8b  stm8s_clk.o [1]
  .near_func.text  ro code  0x0085c8   0x50  stm8s_it.o [1]
  .near_func.text  ro code  0x008618   0x4e  stm8s_tim1.o [1]
  .near_func.text  ro code  0x008666   0x3d  stm8s_tim1.o [1]
  .near_func.text  ro code  0x0086a3   0x38  stm8s_tim1.o [1]
  .near_func.text  ro code  0x0086db   0x34  long_util.o [4]
  .near_func.text  ro code  0x00870f   0x2f  stm8s_clk.o [1]
  .near_func.text  ro code  0x00873e   0x2f  stm8s_tim1.o [1]
  .near_func.text  ro code  0x00876d   0x2b  long.o [4]
  .near_func.text  ro code  0x008798   0x27  stm8s_it.o [1]
  .near_func.text  ro code  0x0087bf   0x22  stm8s_tim1.o [1]
  .iar.init_table  const    0x0087e1    0x8  - Linker created -
  .near_func.text  ro code  0x0087e9   0x1e  init_small.o [4]
  .near_func.text  ro code  0x008807   0x1b  main.o [1]
  .near.rodata     const    0x008822   0x16  stm8s_exti.o [1]
  .near.rodata     const    0x008838   0x16  stm8s_gpio.o [1]
  .near.rodata     const    0x00884e   0x16  stm8s_tim1.o [1]
  .near.rodata     const    0x008864   0x15  stm8s_clk.o [1]
  .near_func.text  ro code  0x008879   0x14  init.o [4]
  .near_func.text  ro code  0x00888d   0x14  __dbg_xxexit.o [3]
  .near_func.text  ro code  0x0088a1   0x13  cstartup.o [4]
  .near_func.text  ro code  0x0088b4   0x11  stm8s_it.o [1]
  .near_func.text  ro code  0x0088c5    0x9  stm8s_tim1.o [1]
  .near_func.text  ro code  0x0088ce    0x8  short.o [4]
  .near_func.text  ro code  0x0088d6    0x7  stm8s_gpio.o [1]
  .near_func.text  ro code  0x0088dd    0x7  stm8s_gpio.o [1]
  .near_func.text  ro code  0x0088e4    0x6  char.o [4]
  .near_func.text  ro code  0x0088ea    0x5  cexit.o [4]
  .near_func.text  ro code  0x0088ef    0x3  interrupt.o [4]
  .near_func.text  ro code  0x0088f2    0x3  low_level_init.o [4]
  .near_func.text  ro code  0x0088f5    0x3  exit.o [4]
  .near_func.text  ro code  0x0088f8    0x3  unhandled_exception.o [4]
  .near_func.text  ro code  0x0088fb    0x2  main.o [1]
  .near_func.text  ro code  0x0088fd    0x1  stm8s_it.o [1]
  .near_func.text  ro code  0x0088fe    0x1  stm8s_it.o [1]
  .near_func.text  ro code  0x0088ff    0x1  stm8s_it.o [1]
  .near_func.text  ro code  0x008900    0x1  stm8s_it.o [1]
  .near_func.text  ro code  0x008901    0x1  stm8s_it.o [1]
  .near_func.text  ro code  0x008902    0x1  stm8s_it.o [1]
  .near_func.text  ro code  0x008903    0x1  stm8s_it.o [1]
  .near_func.text  ro code  0x008904    0x1  stm8s_it.o [1]
  .near_func.text  ro code  0x008905    0x1  stm8s_it.o [1]
  .near_func.text  ro code  0x008906    0x1  stm8s_it.o [1]
  .near_func.text  ro code  0x008907    0x1  stm8s_it.o [1]
  .near_func.text  ro code  0x008908    0x1  stm8s_it.o [1]
  .near_func.text  ro code  0x008909    0x1  stm8s_it.o [1]
  .near_func.text  ro code  0x00890a    0x1  stm8s_it.o [1]
  .near_func.text  ro code  0x00890b    0x1  stm8s_it.o [1]
  .near_func.text  ro code  0x00890c    0x1  stm8s_it.o [1]
  .near_func.text  ro code  0x00890d    0x1  stm8s_it.o [1]
  .near_func.text  ro code  0x00890e    0x1  stm8s_it.o [1]
  .near_func.text  ro code  0x00890f    0x1  __dbg_break.o [3]
                          - 0x008910  0x890


*******************************************************************************
*** INIT TABLE
***

          Address   Size
          -------   ----
Zero (__iar_zero_init2)
    1 destination range, total size 0x8:
          0x00000c   0x8



*******************************************************************************
*** MODULE SUMMARY
***

    Module                 ro code  ro data  rw data
    ------                 -------  -------  -------
D:\stm8s\Debug\Obj: [1]
    main.o                     203
    stm8s_clk.o                408       21
    stm8s_exti.o               209       22
    stm8s_gpio.o               286       22
    stm8s_it.o                 154                 8
    stm8s_tim1.o               438       22
    ------------------------------------------------
    Total:                   1 698       87        8

command line: [2]
    ------------------------------------------------
    Total:

dbgstm8smd.a: [3]
    __dbg_break.o                1
    __dbg_xxexit.o              20
    ------------------------------------------------
    Total:                      21

dlstm8smn.a: [4]
    cexit.o                      5
    char.o                       6
    cstartup.o                  19
    exit.o                       3
    init.o                      20
    init_small.o                30
    interrupt.o                  3      128
    long.o                      43
    long_util.o                 52
    low_level_init.o             3
    short.o                      8
    unhandled_exception.o        3
    vreg_util.o                183
    vregs.o                                       12
    ------------------------------------------------
    Total:                     378      128       12

    Linker created                        8      256
----------------------------------------------------
    Grand Total:             2 097      223      276


*******************************************************************************
*** ENTRY LIST
***

Entry                    Address   Size  Type      Object
-----                    -------   ----  ----      ------
.iar.init_table$$Base   0x0087e1          --   Gb  - Linker created -
.iar.init_table$$Limit  0x0087e9          --   Gb  - Linker created -
?b0                     0x000000         Data  Gb  vregs.o [4]
?b1                     0x000001         Data  Gb  vregs.o [4]
?b10                    0x00000a         Data  Gb  vregs.o [4]
?b11                    0x00000b         Data  Gb  vregs.o [4]
?b2                     0x000002         Data  Gb  vregs.o [4]
?b3                     0x000003         Data  Gb  vregs.o [4]
?b4                     0x000004         Data  Gb  vregs.o [4]
?b5                     0x000005         Data  Gb  vregs.o [4]
?b6                     0x000006         Data  Gb  vregs.o [4]
?b7                     0x000007         Data  Gb  vregs.o [4]
?b8                     0x000008         Data  Gb  vregs.o [4]
?b9                     0x000009         Data  Gb  vregs.o [4]
?e0                     0x000001         Data  Gb  vregs.o [4]
?e1                     0x000005         Data  Gb  vregs.o [4]
?e2                     0x000009         Data  Gb  vregs.o [4]
?epilogue_l2            0x0083c7         Code  Gb  vreg_util.o [4]
?epilogue_w4            0x0083cb         Code  Gb  vreg_util.o [4]
?inc32_0x_0x            0x008772         Code  Gb  long.o [4]
?inc32_l0_l0            0x00876d         Code  Gb  long.o [4]
?l0                     0x000000         Data  Gb  vregs.o [4]
?l1                     0x000004         Data  Gb  vregs.o [4]
?l2                     0x000008         Data  Gb  vregs.o [4]
?load32_0x_l0           0x0086f3         Code  Gb  long_util.o [4]
?load32_0x_l2           0x008701         Code  Gb  long_util.o [4]
?load32_l0_0x           0x0086db         Code  Gb  long_util.o [4]
?load32_l1_0x           0x0086e7         Code  Gb  long_util.o [4]
?mov_e0_e1              0x0083d2         Code  Gb  vreg_util.o [4]
?mov_e0_e2              0x0083df         Code  Gb  vreg_util.o [4]
?mov_e2_e0              0x0083ec         Code  Gb  vreg_util.o [4]
?mov_l0_l1              0x0083cf         Code  Gb  vreg_util.o [4]
?mov_l0_l2              0x0083dc         Code  Gb  vreg_util.o [4]
?mov_l2_l0              0x0083e9         Code  Gb  vreg_util.o [4]
?mov_w1_w3              0x0083d5         Code  Gb  vreg_util.o [4]
?mov_w1_w5              0x0083e2         Code  Gb  vreg_util.o [4]
?mov_w5_w1              0x0083ef         Code  Gb  vreg_util.o [4]
?pop_l0                 0x00839e         Code  Gb  vreg_util.o [4]
?pop_l1                 0x0083a9         Code  Gb  vreg_util.o [4]
?pop_l2                 0x0083b4         Code  Gb  vreg_util.o [4]
?pop_w4                 0x00835c         Code  Gb  vreg_util.o [4]
?pop_w5                 0x008363         Code  Gb  vreg_util.o [4]
?push_l0                0x008372         Code  Gb  vreg_util.o [4]
?push_l1                0x008377         Code  Gb  vreg_util.o [4]
?push_l2                0x00837c         Code  Gb  vreg_util.o [4]
?push_w4                0x00833f         Code  Gb  vreg_util.o [4]
?push_w5                0x008344         Code  Gb  vreg_util.o [4]
?sll16_x_x_a            0x0088ce         Code  Gb  short.o [4]
?sll8_a_a_5             0x0088e5         Code  Gb  char.o [4]
?sll8_a_a_6             0x0088e4         Code  Gb  char.o [4]
?sub32_l0_l0_0x         0x008780         Code  Gb  long.o [4]
?w0                     0x000000         Data  Gb  vregs.o [4]
?w1                     0x000002         Data  Gb  vregs.o [4]
?w2                     0x000004         Data  Gb  vregs.o [4]
?w3                     0x000006         Data  Gb  vregs.o [4]
?w4                     0x000008         Data  Gb  vregs.o [4]
?w5                     0x00000a         Data  Gb  vregs.o [4]
ADC1_IRQHandler         0x00890c    0x1  Code  Gb  stm8s_it.o [1]
AWU_IRQHandler          0x0088ff    0x1  Code  Gb  stm8s_it.o [1]
CLK_HSICmd              0x00870f   0x2f  Code  Gb  stm8s_clk.o [1]
CLK_IRQHandler          0x008900    0x1  Code  Gb  stm8s_it.o [1]
CLK_PeripheralClockConfig
                        0x008190   0xde  Code  Gb  stm8s_clk.o [1]
CLK_SYSCLKConfig        0x00853d   0x8b  Code  Gb  stm8s_clk.o [1]
CSTACK$$Base            0x000300          --   Gb  - Linker created -
CSTACK$$Limit           0x000400          --   Gb  - Linker created -
EEPROM_EEC_IRQHandler   0x00890e    0x1  Code  Gb  stm8s_it.o [1]
EXTI_PORTA_IRQHandler   0x008901    0x1  Code  Gb  stm8s_it.o [1]
EXTI_PORTB_IRQHandler   0x008902    0x1  Code  Gb  stm8s_it.o [1]
EXTI_PORTC_IRQHandler   0x0085c8   0x50  Code  Gb  stm8s_it.o [1]
EXTI_PORTC_IRQHandler::lastTick
                        0x000010    0x4  Data  Lc  stm8s_it.o [1]
EXTI_PORTD_IRQHandler   0x008903    0x1  Code  Gb  stm8s_it.o [1]
EXTI_PORTE_IRQHandler   0x008904    0x1  Code  Gb  stm8s_it.o [1]
EXTI_SetExtIntSensitivity
                        0x00826e   0xd1  Code  Gb  stm8s_exti.o [1]
GPIO_Init               0x008080  0x110  Code  Gb  stm8s_gpio.o [1]
GPIO_ReadInputPin       0x0088dd    0x7  Code  Gb  stm8s_gpio.o [1]
GPIO_WriteReverse       0x0088d6    0x7  Code  Gb  stm8s_gpio.o [1]
I2C_IRQHandler          0x00890b    0x1  Code  Gb  stm8s_it.o [1]
INTVEC$$Base            0x008000          --   Gb  - Linker created -
INTVEC$$Limit           0x008080          --   Gb  - Linker created -
Region$$Table$$Base     0x0087e1          --   Gb  - Linker created -
Region$$Table$$Limit    0x0087e9          --   Gb  - Linker created -
SPI_IRQHandler          0x008905    0x1  Code  Gb  stm8s_it.o [1]
TIM1_CAP_COM_IRQHandler
                        0x008906    0x1  Code  Gb  stm8s_it.o [1]
TIM1_ClearITPendingBit  0x0087bf   0x22  Code  Gb  stm8s_tim1.o [1]
TIM1_Cmd                0x00873e   0x2f  Code  Gb  stm8s_tim1.o [1]
TIM1_CounterModeConfig  0x008666   0x3d  Code  Gb  stm8s_tim1.o [1]
TIM1_DeInit             0x0084a4   0x99  Code  Gb  stm8s_tim1.o [1]
TIM1_ITConfig           0x008618   0x4e  Code  Gb  stm8s_tim1.o [1]
TIM1_PrescalerConfig    0x0086a3   0x38  Code  Gb  stm8s_tim1.o [1]
TIM1_SetAutoreload      0x0088c5    0x9  Code  Gb  stm8s_tim1.o [1]
TIM1_UPD_OVF_TRG_BRK_IRQHandler
                        0x008798   0x27  Code  Gb  stm8s_it.o [1]
TIM2_CAP_COM_IRQHandler
                        0x008908    0x1  Code  Gb  stm8s_it.o [1]
TIM2_UPD_OVF_BRK_IRQHandler
                        0x008907    0x1  Code  Gb  stm8s_it.o [1]
TIM4_UPD_OVF_IRQHandler
                        0x00890d    0x1  Code  Gb  stm8s_it.o [1]
TLI_IRQHandler          0x0088fe    0x1  Code  Gb  stm8s_it.o [1]
TRAP_IRQHandler         0x0088fd    0x1  Code  Gb  stm8s_it.o [1]
UART1_RX_IRQHandler     0x00890a    0x1  Code  Gb  stm8s_it.o [1]
UART1_TX_IRQHandler     0x008909    0x1  Code  Gb  stm8s_it.o [1]
__DebugBreak            0x00890f    0x1  Code  Gb  __dbg_break.o [3]
__exit                  0x00888d   0x14  Code  Gb  __dbg_xxexit.o [3]
__iar_data_init2        0x008879   0x14  Code  Gb  init.o [4]
__iar_program_start     0x0088a1         Code  Gb  cstartup.o [4]
__iar_unhandled_exception
                        0x0088f8         Code  Gb  unhandled_exception.o [4]
__iar_zero_init2        0x0087e9         Code  Gb  init_small.o [4]
__intvec                0x008000         Data  Gb  interrupt.o [4]
__low_level_init        0x0088f2    0x3  Code  Gb  low_level_init.o [4]
_exit                   0x0088ea         Code  Gb  cexit.o [4]
_interrupt_1            0x0088fd         Code  Gb  stm8s_it.o [1]
_interrupt_12           0x008905         Code  Gb  stm8s_it.o [1]
_interrupt_13           0x008798         Code  Gb  stm8s_it.o [1]
_interrupt_14           0x008906         Code  Gb  stm8s_it.o [1]
_interrupt_15           0x008907         Code  Gb  stm8s_it.o [1]
_interrupt_16           0x008908         Code  Gb  stm8s_it.o [1]
_interrupt_19           0x008909         Code  Gb  stm8s_it.o [1]
_interrupt_2            0x0088fe         Code  Gb  stm8s_it.o [1]
_interrupt_20           0x00890a         Code  Gb  stm8s_it.o [1]
_interrupt_21           0x00890b         Code  Gb  stm8s_it.o [1]
_interrupt_24           0x00890c         Code  Gb  stm8s_it.o [1]
_interrupt_25           0x00890d         Code  Gb  stm8s_it.o [1]
_interrupt_26           0x00890e         Code  Gb  stm8s_it.o [1]
_interrupt_3            0x0088ff         Code  Gb  stm8s_it.o [1]
_interrupt_4            0x008900         Code  Gb  stm8s_it.o [1]
_interrupt_5            0x008901         Code  Gb  stm8s_it.o [1]
_interrupt_6            0x008902         Code  Gb  stm8s_it.o [1]
_interrupt_7            0x0085c8         Code  Gb  stm8s_it.o [1]
_interrupt_8            0x008903         Code  Gb  stm8s_it.o [1]
_interrupt_9            0x008904         Code  Gb  stm8s_it.o [1]
assert_failed           0x0088fb    0x2  Code  Gb  main.o [1]
delayMs                 0x008807   0x1b  Code  Gb  main.o [1]
exit                    0x0088f5    0x3  Code  Gb  exit.o [4]
getCurrentTick          0x0088b4   0x11  Code  Gb  stm8s_it.o [1]
main                    0x0083f6   0xae  Code  Gb  main.o [1]
timeTick                0x00000c    0x4  Data  Lc  stm8s_it.o [1]


[1] = D:\stm8s\Debug\Obj
[2] = command line
[3] = dbgstm8smd.a
[4] = dlstm8smn.a

  2 097 bytes of readonly  code memory
    223 bytes of readonly  data memory
    276 bytes of readwrite data memory

Errors: none
Warnings: none
