###############################################################################
#
# IAR ELF Linker V3.10.1.201 for STM8                     03/Feb/2019  21:17:51
# Copyright 2010-2017 IAR Systems AB.
#
#    Output file  =  E:\stm8s\Debug\Exe\STM8test.out
#    Map file     =  E:\stm8s\Debug\List\STM8test.map
#    Command line =  
#        -f C:\Users\emblink\AppData\Local\Temp\EWAC72.tmp
#        (E:\stm8s\Debug\Obj\DS1307.o E:\stm8s\Debug\Obj\font.o
#        E:\stm8s\Debug\Obj\main.o E:\stm8s\Debug\Obj\max7219.o
#        E:\stm8s\Debug\Obj\stm8s_clk.o E:\stm8s\Debug\Obj\stm8s_exti.o
#        E:\stm8s\Debug\Obj\stm8s_flash.o E:\stm8s\Debug\Obj\stm8s_gpio.o
#        E:\stm8s\Debug\Obj\stm8s_i2c.o E:\stm8s\Debug\Obj\stm8s_it.o
#        E:\stm8s\Debug\Obj\stm8s_spi.o E:\stm8s\Debug\Obj\stm8s_tim1.o
#        E:\stm8s\Debug\Obj\stm8s_tim2.o E:\stm8s\Debug\Obj\stm8s_wwdg.o
#        --redirect _Printf=_PrintfFullNoMb --redirect _Scanf=_ScanfFullNoMb -o
#        E:\stm8s\Debug\Exe\STM8test.out --map E:\stm8s\Debug\List\STM8test.map
#        --config D:\IAR\stm8\config\lnkstm8s103f3.icf --config_def
#        _CSTACK_SIZE=0x100 --config_def _HEAP_SIZE=0x100 --entry
#        __iar_program_start --debug_lib)
#
###############################################################################

*******************************************************************************
*** RUNTIME MODEL ATTRIBUTES
***

__SystemLibrary            = DLib
__code_model               = small
__core                     = stm8
__data_model               = medium
__dlib_file_descriptor     = 0
__dlib_full_locale_support = 0
__rt_version               = 4


*******************************************************************************
*** PLACEMENT SUMMARY
***

"A0":  place at start of [0x000000-0x0000ff] { rw section .vregs };
"A1":  place at end of [0x000000-0x0003ff] { block CSTACK };
"P2":  place in [from 0x000000 to 0x0003ff] {
          block HEAP, rw section __DLIB_PERTHREAD, rw section .far.bss,
          rw section .far.data, rw section .far.noinit,
          rw section .far_func.textrw, rw section .huge.bss,
          rw section .huge.data, rw section .huge.noinit,
          rw section .huge_func.textrw, rw section .iar.dynexit,
          rw section .near.bss, rw section .near.data, rw section .near.noinit,
          rw section .near_func.textrw };
"A2":  place at start of [0x008000-0x009fff] { block INTVEC };
"P3":  place in [from 0x008000 to 0x009fff] {
          ro section __DLIB_PERTHREAD_init, ro section .far.data_init,
          ro section .far_func.textrw_init, ro section .huge.data_init,
          ro section .huge_func.textrw_init, ro section .iar.init_table,
          ro section .init_array, ro section .near.data_init,
          ro section .near.rodata, ro section .near_func.text,
          ro section .near_func.textrw_init, ro section .tiny.data_init,
          ro section .tiny.rodata_init };
"P4":  place in [from 0x008000 to 0x009fff] {
          ro section .far.rodata, ro section .far_func.text };
"P5":  place in [from 0x008000 to 0x009fff] {
          ro section .huge.rodata, ro section .huge_func.text };
do not initialize {
   rw section .eeprom.noinit, rw section .far.noinit, rw section .huge.noinit,
   rw section .near.noinit, rw section .tiny.noinit, rw section .vregs };

  Section          Kind      Address    Size  Object
  -------          ----      -------    ----  ------
"A0":                                   0x10
  .vregs           uninit   0x000000    0x10  vregs.o [4]
                          - 0x000010    0x10

"P2":                                   0x4f
  .near.bss        zero     0x000010    0x40  main.o [1]
  .near.bss        zero     0x000050     0x4  stm8s_it.o [1]
  .near.bss        zero     0x000054     0x4  stm8s_it.o [1]
  .near.bss        zero     0x000058     0x4  stm8s_it.o [1]
  .near.bss        zero     0x00005c     0x2  max7219.o [1]
  .near.bss        zero     0x00005e     0x1  max7219.o [1]
                          - 0x00005f    0x4f

"A1":                                  0x100
  CSTACK                    0x000300   0x100  <Block>
    CSTACK         uninit   0x000300   0x100  <Block tail>
                          - 0x000400   0x100

"A2":                                   0x80
  INTVEC                    0x008000    0x80  <Block>
    .intvec        const    0x008000    0x80  interrupt.o [4]
                          - 0x008080    0x80

"P3-P5":                              0x11b5
  .near_func.text  ro code  0x008080   0x1ef  stm8s_i2c.o [1]
  .near_func.text  ro code  0x00826f   0x165  main.o [1]
  .near_func.text  ro code  0x0083d4   0x13f  stm8s_spi.o [1]
  .near_func.text  ro code  0x008513   0x133  long.o [4]
  .near_func.text  ro code  0x008646   0x10e  stm8s_gpio.o [1]
  .near_func.text  ro code  0x008754    0xdb  stm8s_clk.o [1]
  .near_func.text  ro code  0x00882f    0xce  stm8s_exti.o [1]
  .near_func.text  ro code  0x0088fd    0xca  vreg_util.o [4]
  .near_func.text  ro code  0x0089c7    0x99  stm8s_tim1.o [1]
  .near_func.text  ro code  0x008a60    0x95  max7219.o [1]
  .near_func.text  ro code  0x008af5    0x8b  stm8s_clk.o [1]
  .near_func.text  ro code  0x008b80    0x79  max7219.o [1]
  .near_func.text  ro code  0x008bf9    0x72  stm8s_i2c.o [1]
  .near.rodata     const    0x008c6b    0x58  font.o [1]
  .near_func.text  ro code  0x008cc3    0x4c  stm8s_tim1.o [1]
  .near_func.text  ro code  0x008d0f    0x4a  stm8s_it.o [1]
  .near_func.text  ro code  0x008d59    0x47  short.o [4]
  .near_func.text  ro code  0x008da0    0x45  stm8s_i2c.o [1]
  .near_func.text  ro code  0x008de5    0x3e  max7219.o [1]
  .near_func.text  ro code  0x008e23    0x3d  stm8s_tim1.o [1]
  .near_func.text  ro code  0x008e60    0x38  stm8s_tim1.o [1]
  .near_func.text  ro code  0x008e98    0x2f  stm8s_clk.o [1]
  .near_func.text  ro code  0x008ec7    0x2f  stm8s_i2c.o [1]
  .near_func.text  ro code  0x008ef6    0x2f  stm8s_spi.o [1]
  .near_func.text  ro code  0x008f25    0x2f  stm8s_spi.o [1]
  .near_func.text  ro code  0x008f54    0x2f  stm8s_tim1.o [1]
  .near_func.text  ro code  0x008f83    0x27  stm8s_it.o [1]
  .near_func.text  ro code  0x008faa    0x26  long_util.o [4]
  .near_func.text  ro code  0x008fd0    0x25  stm8s_i2c.o [1]
  .near.rodata     const    0x008ff5    0x24  stm8s_exti.o [1]
  .near.rodata     const    0x009019    0x24  stm8s_gpio.o [1]
  .near.rodata     const    0x00903d    0x24  stm8s_tim1.o [1]
  .near.rodata     const    0x009061    0x23  stm8s_clk.o [1]
  .near.rodata     const    0x009084    0x23  stm8s_i2c.o [1]
  .near.rodata     const    0x0090a7    0x23  stm8s_spi.o [1]
  .near_func.text  ro code  0x0090ca    0x21  stm8s_tim1.o [1]
  .iar.init_table  const    0x0090eb     0x8  - Linker created -
  .near_func.text  ro code  0x0090f3    0x20  max7219.o [1]
  .near_func.text  ro code  0x009113    0x1e  init_small.o [4]
  .near_func.text  ro code  0x009131    0x1b  main.o [1]
  .near_func.text  ro code  0x00914c    0x15  stm8s_spi.o [1]
  .near_func.text  ro code  0x009161    0x14  init.o [4]
  .near_func.text  ro code  0x009175    0x14  __dbg_xxexit.o [3]
  .near_func.text  ro code  0x009189    0x13  font.o [1]
  .near_func.text  ro code  0x00919c    0x13  cstartup.o [4]
  .near_func.text  ro code  0x0091af    0x11  stm8s_it.o [1]
  .near_func.text  ro code  0x0091c0    0x10  stm8s_it.o [1]
  .near_func.text  ro code  0x0091d0     0xb  dc_util.o [4]
  .near_func.text  ro code  0x0091db     0x9  max7219.o [1]
  .near_func.text  ro code  0x0091e4     0x9  stm8s_tim1.o [1]
  .near_func.text  ro code  0x0091ed     0x7  stm8s_gpio.o [1]
  .near_func.text  ro code  0x0091f4     0x7  stm8s_gpio.o [1]
  .near_func.text  ro code  0x0091fb     0x6  char.o [4]
  .near_func.text  ro code  0x009201     0x5  max7219.o [1]
  .near_func.text  ro code  0x009206     0x5  max7219.o [1]
  .near_func.text  ro code  0x00920b     0x5  cexit.o [4]
  .near_func.text  ro code  0x009210     0x4  font.o [1]
  .near_func.text  ro code  0x009214     0x3  interrupt.o [4]
  .near_func.text  ro code  0x009217     0x3  low_level_init.o [4]
  .near_func.text  ro code  0x00921a     0x3  exit.o [4]
  .near_func.text  ro code  0x00921d     0x3  unhandled_exception.o [4]
  .near_func.text  ro code  0x009220     0x2  main.o [1]
  .near_func.text  ro code  0x009222     0x1  stm8s_it.o [1]
  .near_func.text  ro code  0x009223     0x1  stm8s_it.o [1]
  .near_func.text  ro code  0x009224     0x1  stm8s_it.o [1]
  .near_func.text  ro code  0x009225     0x1  stm8s_it.o [1]
  .near_func.text  ro code  0x009226     0x1  stm8s_it.o [1]
  .near_func.text  ro code  0x009227     0x1  stm8s_it.o [1]
  .near_func.text  ro code  0x009228     0x1  stm8s_it.o [1]
  .near_func.text  ro code  0x009229     0x1  stm8s_it.o [1]
  .near_func.text  ro code  0x00922a     0x1  stm8s_it.o [1]
  .near_func.text  ro code  0x00922b     0x1  stm8s_it.o [1]
  .near_func.text  ro code  0x00922c     0x1  stm8s_it.o [1]
  .near_func.text  ro code  0x00922d     0x1  stm8s_it.o [1]
  .near_func.text  ro code  0x00922e     0x1  stm8s_it.o [1]
  .near_func.text  ro code  0x00922f     0x1  stm8s_it.o [1]
  .near_func.text  ro code  0x009230     0x1  stm8s_it.o [1]
  .near_func.text  ro code  0x009231     0x1  stm8s_it.o [1]
  .near_func.text  ro code  0x009232     0x1  stm8s_it.o [1]
  .near_func.text  ro code  0x009233     0x1  stm8s_it.o [1]
  .near_func.text  ro code  0x009234     0x1  __dbg_break.o [3]
                          - 0x009235  0x11b5


*******************************************************************************
*** INIT TABLE
***

          Address   Size
          -------   ----
Zero (__iar_zero_init2)
    1 destination range, total size 0x4f:
          0x000010  0x4f



*******************************************************************************
*** MODULE SUMMARY
***

    Module                 ro code  ro data  rw data
    ------                 -------  -------  -------
E:\stm8s\Debug\Obj: [1]
    font.o                      23       88
    main.o                     386                64
    max7219.o                  383                 3
    stm8s_clk.o                405       35
    stm8s_exti.o               206       36
    stm8s_gpio.o               284       36
    stm8s_i2c.o                762       35
    stm8s_it.o                 164                12
    stm8s_spi.o                434       35
    stm8s_tim1.o               435       36
    ------------------------------------------------
    Total:                   3 482      301       79

command line: [2]
    ------------------------------------------------
    Total:

dbgstm8smd.a: [3]
    __dbg_break.o                1
    __dbg_xxexit.o              20
    ------------------------------------------------
    Total:                      21

dlstm8smn.a: [4]
    cexit.o                      5
    char.o                       6
    cstartup.o                  19
    dc_util.o                   11
    exit.o                       3
    init.o                      20
    init_small.o                30
    interrupt.o                  3      128
    long.o                     307
    long_util.o                 38
    low_level_init.o             3
    short.o                     71
    unhandled_exception.o        3
    vreg_util.o                202
    vregs.o                                       16
    ------------------------------------------------
    Total:                     721      128       16

    Linker created                        8      256
----------------------------------------------------
    Grand Total:             4 224      437      351


*******************************************************************************
*** ENTRY LIST
***

Entry                    Address   Size  Type      Object
-----                    -------   ----  ----      ------
.iar.init_table$$Base   0x0090eb          --   Gb  - Linker created -
.iar.init_table$$Limit  0x0090f3          --   Gb  - Linker created -
?b0                     0x000000         Data  Gb  vregs.o [4]
?b1                     0x000001         Data  Gb  vregs.o [4]
?b10                    0x00000a         Data  Gb  vregs.o [4]
?b11                    0x00000b         Data  Gb  vregs.o [4]
?b12                    0x00000c         Data  Gb  vregs.o [4]
?b13                    0x00000d         Data  Gb  vregs.o [4]
?b14                    0x00000e         Data  Gb  vregs.o [4]
?b15                    0x00000f         Data  Gb  vregs.o [4]
?b2                     0x000002         Data  Gb  vregs.o [4]
?b3                     0x000003         Data  Gb  vregs.o [4]
?b4                     0x000004         Data  Gb  vregs.o [4]
?b5                     0x000005         Data  Gb  vregs.o [4]
?b6                     0x000006         Data  Gb  vregs.o [4]
?b7                     0x000007         Data  Gb  vregs.o [4]
?b8                     0x000008         Data  Gb  vregs.o [4]
?b9                     0x000009         Data  Gb  vregs.o [4]
?dc32_px                0x0091d0         Code  Gb  dc_util.o [4]
?e0                     0x000001         Data  Gb  vregs.o [4]
?e1                     0x000005         Data  Gb  vregs.o [4]
?e2                     0x000009         Data  Gb  vregs.o [4]
?e3                     0x00000d         Data  Gb  vregs.o [4]
?epilogue_l2            0x008998         Code  Gb  vreg_util.o [4]
?epilogue_l2_l3         0x008995         Code  Gb  vreg_util.o [4]
?epilogue_w4            0x00899c         Code  Gb  vreg_util.o [4]
?inc32_0x_0x            0x008518         Code  Gb  long.o [4]
?inc32_l0_l0            0x008513         Code  Gb  long.o [4]
?l0                     0x000000         Data  Gb  vregs.o [4]
?l1                     0x000004         Data  Gb  vregs.o [4]
?l2                     0x000008         Data  Gb  vregs.o [4]
?l3                     0x00000c         Data  Gb  vregs.o [4]
?load32_0x_l0           0x008fc2         Code  Gb  long_util.o [4]
?load32_l0_0x           0x008faa         Code  Gb  long_util.o [4]
?load32_l1_0x           0x008fb6         Code  Gb  long_util.o [4]
?mov_e0_e1              0x0089a3         Code  Gb  vreg_util.o [4]
?mov_e0_e2              0x0089b0         Code  Gb  vreg_util.o [4]
?mov_e2_e0              0x0089bd         Code  Gb  vreg_util.o [4]
?mov_l0_l1              0x0089a0         Code  Gb  vreg_util.o [4]
?mov_l0_l2              0x0089ad         Code  Gb  vreg_util.o [4]
?mov_l2_l0              0x0089ba         Code  Gb  vreg_util.o [4]
?mov_w1_w3              0x0089a6         Code  Gb  vreg_util.o [4]
?mov_w1_w5              0x0089b3         Code  Gb  vreg_util.o [4]
?mov_w5_w1              0x0089c0         Code  Gb  vreg_util.o [4]
?mul16_x_x_w0           0x008d59         Code  Gb  short.o [4]
?mul32_l0_l0_0x         0x008541         Code  Gb  long.o [4]
?mul32_l0_l0_dl         0x00853e         Code  Gb  long.o [4]
?mul32_l0_l0_l1         0x00854a         Code  Gb  long.o [4]
?pop_l0                 0x008961         Code  Gb  vreg_util.o [4]
?pop_l1                 0x00896c         Code  Gb  vreg_util.o [4]
?pop_l2                 0x008977         Code  Gb  vreg_util.o [4]
?pop_l3                 0x008982         Code  Gb  vreg_util.o [4]
?pop_w4                 0x00891a         Code  Gb  vreg_util.o [4]
?pop_w5                 0x008921         Code  Gb  vreg_util.o [4]
?push_l0                0x008930         Code  Gb  vreg_util.o [4]
?push_l1                0x008935         Code  Gb  vreg_util.o [4]
?push_l2                0x00893a         Code  Gb  vreg_util.o [4]
?push_l3                0x00893f         Code  Gb  vreg_util.o [4]
?push_w4                0x0088fd         Code  Gb  vreg_util.o [4]
?push_w5                0x008902         Code  Gb  vreg_util.o [4]
?sdiv16_x_x_y           0x008d77         Code  Gb  short.o [4]
?sll16_x_x_a            0x008d90         Code  Gb  short.o [4]
?sll32_0x_0x_a          0x008638         Code  Gb  long.o [4]
?sll32_l0_l0_a          0x008635         Code  Gb  long.o [4]
?sll8_a_a_5             0x0091fc         Code  Gb  char.o [4]
?sll8_a_a_6             0x0091fb         Code  Gb  char.o [4]
?srl16_x_x_4            0x008d9b         Code  Gb  short.o [4]
?srl16_x_x_5            0x008d9a         Code  Gb  short.o [4]
?srl16_x_x_6            0x008d99         Code  Gb  short.o [4]
?srl16_x_x_7            0x008d98         Code  Gb  short.o [4]
?sub32_l0_l0_0x         0x008526         Code  Gb  long.o [4]
?udiv32_l0_l0_l1        0x0085c8         Code  Gb  long.o [4]
?umod32_l1_l0_l1        0x0085c8         Code  Gb  long.o [4]
?w0                     0x000000         Data  Gb  vregs.o [4]
?w1                     0x000002         Data  Gb  vregs.o [4]
?w2                     0x000004         Data  Gb  vregs.o [4]
?w3                     0x000006         Data  Gb  vregs.o [4]
?w4                     0x000008         Data  Gb  vregs.o [4]
?w5                     0x00000a         Data  Gb  vregs.o [4]
?w6                     0x00000c         Data  Gb  vregs.o [4]
?w7                     0x00000e         Data  Gb  vregs.o [4]
ADC1_IRQHandler         0x009231    0x1  Code  Gb  stm8s_it.o [1]
AWU_IRQHandler          0x009224    0x1  Code  Gb  stm8s_it.o [1]
CLK_HSICmd              0x008e98   0x2f  Code  Gb  stm8s_clk.o [1]
CLK_IRQHandler          0x009225    0x1  Code  Gb  stm8s_it.o [1]
CLK_PeripheralClockConfig
                        0x008754   0xdb  Code  Gb  stm8s_clk.o [1]
CLK_SYSCLKConfig        0x008af5   0x8b  Code  Gb  stm8s_clk.o [1]
CSTACK$$Base            0x000300          --   Gb  - Linker created -
CSTACK$$Limit           0x000400          --   Gb  - Linker created -
EEPROM_EEC_IRQHandler   0x009233    0x1  Code  Gb  stm8s_it.o [1]
EXTI_PORTA_IRQHandler   0x009226    0x1  Code  Gb  stm8s_it.o [1]
EXTI_PORTB_IRQHandler   0x009227    0x1  Code  Gb  stm8s_it.o [1]
EXTI_PORTC_IRQHandler   0x008d0f   0x4a  Code  Gb  stm8s_it.o [1]
EXTI_PORTD_IRQHandler   0x009228    0x1  Code  Gb  stm8s_it.o [1]
EXTI_PORTE_IRQHandler   0x009229    0x1  Code  Gb  stm8s_it.o [1]
EXTI_SetExtIntSensitivity
                        0x00882f   0xce  Code  Gb  stm8s_exti.o [1]
GPIO_Init               0x008646  0x10e  Code  Gb  stm8s_gpio.o [1]
GPIO_ReadInputPin       0x0091f4    0x7  Code  Gb  stm8s_gpio.o [1]
GPIO_WriteReverse       0x0091ed    0x7  Code  Gb  stm8s_gpio.o [1]
I2C_AcknowledgeConfig   0x008da0   0x45  Code  Gb  stm8s_i2c.o [1]
I2C_Cmd                 0x008ec7   0x2f  Code  Gb  stm8s_i2c.o [1]
I2C_DeInit              0x008fd0   0x25  Code  Gb  stm8s_i2c.o [1]
I2C_IRQHandler          0x009230    0x1  Code  Gb  stm8s_it.o [1]
I2C_ITConfig            0x008bf9   0x72  Code  Gb  stm8s_i2c.o [1]
I2C_Init                0x008080  0x1ef  Code  Gb  stm8s_i2c.o [1]
INTVEC$$Base            0x008000          --   Gb  - Linker created -
INTVEC$$Limit           0x008080          --   Gb  - Linker created -
Region$$Table$$Base     0x0090eb          --   Gb  - Linker created -
Region$$Table$$Limit    0x0090f3          --   Gb  - Linker created -
SPI_CalculateCRCCmd     0x008f25   0x2f  Code  Gb  stm8s_spi.o [1]
SPI_Cmd                 0x008ef6   0x2f  Code  Gb  stm8s_spi.o [1]
SPI_DeInit              0x00914c   0x15  Code  Gb  stm8s_spi.o [1]
SPI_IRQHandler          0x00922a    0x1  Code  Gb  stm8s_it.o [1]
SPI_Init                0x0083d4  0x13f  Code  Gb  stm8s_spi.o [1]
TIM1_CAP_COM_IRQHandler
                        0x00922b    0x1  Code  Gb  stm8s_it.o [1]
TIM1_ClearITPendingBit  0x0090ca   0x21  Code  Gb  stm8s_tim1.o [1]
TIM1_Cmd                0x008f54   0x2f  Code  Gb  stm8s_tim1.o [1]
TIM1_CounterModeConfig  0x008e23   0x3d  Code  Gb  stm8s_tim1.o [1]
TIM1_DeInit             0x0089c7   0x99  Code  Gb  stm8s_tim1.o [1]
TIM1_ITConfig           0x008cc3   0x4c  Code  Gb  stm8s_tim1.o [1]
TIM1_PrescalerConfig    0x008e60   0x38  Code  Gb  stm8s_tim1.o [1]
TIM1_SetAutoreload      0x0091e4    0x9  Code  Gb  stm8s_tim1.o [1]
TIM1_UPD_OVF_TRG_BRK_IRQHandler
                        0x008f83   0x27  Code  Gb  stm8s_it.o [1]
TIM2_CAP_COM_IRQHandler
                        0x00922d    0x1  Code  Gb  stm8s_it.o [1]
TIM2_UPD_OVF_BRK_IRQHandler
                        0x00922c    0x1  Code  Gb  stm8s_it.o [1]
TIM4_UPD_OVF_IRQHandler
                        0x009232    0x1  Code  Gb  stm8s_it.o [1]
TLI_IRQHandler          0x009223    0x1  Code  Gb  stm8s_it.o [1]
TRAP_IRQHandler         0x009222    0x1  Code  Gb  stm8s_it.o [1]
UART1_RX_IRQHandler     0x00922f    0x1  Code  Gb  stm8s_it.o [1]
UART1_TX_IRQHandler     0x00922e    0x1  Code  Gb  stm8s_it.o [1]
__DebugBreak            0x009234    0x1  Code  Gb  __dbg_break.o [3]
__exit                  0x009175   0x14  Code  Gb  __dbg_xxexit.o [3]
__iar_data_init2        0x009161   0x14  Code  Gb  init.o [4]
__iar_program_start     0x00919c         Code  Gb  cstartup.o [4]
__iar_unhandled_exception
                        0x00921d         Code  Gb  unhandled_exception.o [4]
__iar_zero_init2        0x009113         Code  Gb  init_small.o [4]
__intvec                0x008000         Data  Gb  interrupt.o [4]
__low_level_init        0x009217    0x3  Code  Gb  low_level_init.o [4]
_exit                   0x00920b         Code  Gb  cexit.o [4]
_interrupt_1            0x009222         Code  Gb  stm8s_it.o [1]
_interrupt_12           0x00922a         Code  Gb  stm8s_it.o [1]
_interrupt_13           0x008f83         Code  Gb  stm8s_it.o [1]
_interrupt_14           0x00922b         Code  Gb  stm8s_it.o [1]
_interrupt_15           0x00922c         Code  Gb  stm8s_it.o [1]
_interrupt_16           0x00922d         Code  Gb  stm8s_it.o [1]
_interrupt_19           0x00922e         Code  Gb  stm8s_it.o [1]
_interrupt_2            0x009223         Code  Gb  stm8s_it.o [1]
_interrupt_20           0x00922f         Code  Gb  stm8s_it.o [1]
_interrupt_21           0x009230         Code  Gb  stm8s_it.o [1]
_interrupt_24           0x009231         Code  Gb  stm8s_it.o [1]
_interrupt_25           0x009232         Code  Gb  stm8s_it.o [1]
_interrupt_26           0x009233         Code  Gb  stm8s_it.o [1]
_interrupt_3            0x009224         Code  Gb  stm8s_it.o [1]
_interrupt_4            0x009225         Code  Gb  stm8s_it.o [1]
_interrupt_5            0x009226         Code  Gb  stm8s_it.o [1]
_interrupt_6            0x009227         Code  Gb  stm8s_it.o [1]
_interrupt_7            0x008d0f         Code  Gb  stm8s_it.o [1]
_interrupt_8            0x009228         Code  Gb  stm8s_it.o [1]
_interrupt_9            0x009229         Code  Gb  stm8s_it.o [1]
assert_failed           0x009220    0x2  Code  Gb  main.o [1]
count                   0x000058    0x4  Data  Lc  stm8s_it.o [1]
dataBuff                0x00005c    0x2  Data  Lc  max7219.o [1]
delayMs                 0x009131   0x1b  Code  Gb  main.o [1]
exit                    0x00921a    0x3  Code  Gb  exit.o [4]
fontArray               0x008c6b   0x58  Data  Lc  font.o [1]
fontGetNumberArray      0x009189   0x13  Code  Gb  font.o [1]
fontGetSpaceArray       0x009210    0x4  Code  Gb  font.o [1]
func                    0x0091c0   0x10  Code  Lc  stm8s_it.o [1]
getCurrentTick          0x0091af   0x11  Code  Gb  stm8s_it.o [1]
isMax7219Inited         0x00005e    0x1  Data  Lc  max7219.o [1]
lastTick                0x000054    0x4  Data  Lc  stm8s_it.o [1]
main                    0x00826f  0x165  Code  Gb  main.o [1]
main::max7219Buff       0x000010   0x40  Data  Lc  main.o [1]
max7219FillCommandBuff  0x008b80   0x79  Code  Lc  max7219.o [1]
max7219Init             0x008a60   0x95  Code  Gb  max7219.o [1]
max7219LatchData        0x009206    0x5  Code  Lc  max7219.o [1]
max7219PushData         0x009201    0x5  Code  Lc  max7219.o [1]
max7219SendData         0x0090f3   0x20  Code  Lc  max7219.o [1]
max7219SendSymbol       0x008de5   0x3e  Code  Gb  max7219.o [1]
spiPushByte             0x0091db    0x9  Code  Lc  max7219.o [1]
timeTick                0x000050    0x4  Data  Lc  stm8s_it.o [1]


[1] = E:\stm8s\Debug\Obj
[2] = command line
[3] = dbgstm8smd.a
[4] = dlstm8smn.a

  4 224 bytes of readonly  code memory
    437 bytes of readonly  data memory
    351 bytes of readwrite data memory

Errors: none
Warnings: none
