###############################################################################
#
# IAR ELF Linker V3.10.1.201 for STM8                     19/Jan/2019  01:38:34
# Copyright 2010-2017 IAR Systems AB.
#
#    Output file  =  D:\stm8s\Debug\Exe\STM8test.out
#    Map file     =  D:\stm8s\Debug\List\STM8test.map
#    Command line =  
#        -f C:\Users\emblink\AppData\Local\Temp\EW61A.tmp
#        (D:\stm8s\Debug\Obj\ledPanel.o D:\stm8s\Debug\Obj\main.o
#        D:\stm8s\Debug\Obj\max7219.o D:\stm8s\Debug\Obj\stm8s_clk.o
#        D:\stm8s\Debug\Obj\stm8s_exti.o D:\stm8s\Debug\Obj\stm8s_gpio.o
#        D:\stm8s\Debug\Obj\stm8s_it.o D:\stm8s\Debug\Obj\stm8s_spi.o
#        D:\stm8s\Debug\Obj\stm8s_tim1.o D:\stm8s\Debug\Obj\stm8s_tim2.o
#        --redirect _Printf=_PrintfFullNoMb --redirect _Scanf=_ScanfFullNoMb -o
#        D:\stm8s\Debug\Exe\STM8test.out --map D:\stm8s\Debug\List\STM8test.map
#        --config F:\IAR\stm8\config\lnkstm8s103f3.icf --config_def
#        _CSTACK_SIZE=0x100 --config_def _HEAP_SIZE=0x100 --entry
#        __iar_program_start --debug_lib)
#
###############################################################################

*******************************************************************************
*** RUNTIME MODEL ATTRIBUTES
***

__SystemLibrary            = DLib
__code_model               = small
__core                     = stm8
__data_model               = medium
__dlib_file_descriptor     = 0
__dlib_full_locale_support = 0
__rt_version               = 4


*******************************************************************************
*** PLACEMENT SUMMARY
***

"A0":  place at start of [0x000000-0x0000ff] { rw section .vregs };
"A1":  place at end of [0x000000-0x0003ff] { block CSTACK };
"P2":  place in [from 0x000000 to 0x0003ff] {
          block HEAP, rw section __DLIB_PERTHREAD, rw section .far.bss,
          rw section .far.data, rw section .far.noinit,
          rw section .far_func.textrw, rw section .huge.bss,
          rw section .huge.data, rw section .huge.noinit,
          rw section .huge_func.textrw, rw section .iar.dynexit,
          rw section .near.bss, rw section .near.data, rw section .near.noinit,
          rw section .near_func.textrw };
"A2":  place at start of [0x008000-0x009fff] { block INTVEC };
"P3":  place in [from 0x008000 to 0x009fff] {
          ro section __DLIB_PERTHREAD_init, ro section .far.data_init,
          ro section .far_func.textrw_init, ro section .huge.data_init,
          ro section .huge_func.textrw_init, ro section .iar.init_table,
          ro section .init_array, ro section .near.data_init,
          ro section .near.rodata, ro section .near_func.text,
          ro section .near_func.textrw_init, ro section .tiny.data_init,
          ro section .tiny.rodata_init };
"P4":  place in [from 0x008000 to 0x009fff] {
          ro section .far.rodata, ro section .far_func.text };
"P5":  place in [from 0x008000 to 0x009fff] {
          ro section .huge.rodata, ro section .huge_func.text };
do not initialize {
   rw section .eeprom.noinit, rw section .far.noinit, rw section .huge.noinit,
   rw section .near.noinit, rw section .tiny.noinit, rw section .vregs };

  Section          Kind      Address   Size  Object
  -------          ----      -------   ----  ------
"A0":                                  0x10
  .vregs           uninit   0x000000   0x10  vregs.o [4]
                          - 0x000010   0x10

"P2":                                   0xc
  .near.bss        zero     0x000010    0x4  stm8s_it.o [1]
  .near.bss        zero     0x000014    0x4  stm8s_it.o [1]
  .near.bss        zero     0x000018    0x4  stm8s_it.o [1]
                          - 0x00001c    0xc

"A1":                                 0x100
  CSTACK                    0x000300  0x100  <Block>
    CSTACK         uninit   0x000300  0x100  <Block tail>
                          - 0x000400  0x100

"A2":                                  0x80
  INTVEC                    0x008000   0x80  <Block>
    .intvec        const    0x008000   0x80  interrupt.o [4]
                          - 0x008080   0x80

"P3-P5":                              0xb91
  .near_func.text  ro code  0x008080  0x13f  stm8s_spi.o [1]
  .near_func.text  ro code  0x0081bf  0x10e  stm8s_gpio.o [1]
  .near_func.text  ro code  0x0082cd  0x108  main.o [1]
  .near_func.text  ro code  0x0083d5   0xdb  stm8s_clk.o [1]
  .near_func.text  ro code  0x0084b0   0xce  stm8s_exti.o [1]
  .near_func.text  ro code  0x00857e   0xc3  vreg_util.o [4]
  .near_func.text  ro code  0x008641   0x99  stm8s_tim1.o [1]
  .near_func.text  ro code  0x0086da   0x8b  stm8s_clk.o [1]
  .near_func.text  ro code  0x008765   0x55  stm8s_spi.o [1]
  .near_func.text  ro code  0x0087ba   0x4c  stm8s_tim1.o [1]
  .near_func.text  ro code  0x008806   0x4a  stm8s_it.o [1]
  .near_func.text  ro code  0x008850   0x42  main.o [1]
  .near_func.text  ro code  0x008892   0x3d  stm8s_tim1.o [1]
  .near_func.text  ro code  0x0088cf   0x38  stm8s_tim1.o [1]
  .near_func.text  ro code  0x008907   0x2f  stm8s_clk.o [1]
  .near_func.text  ro code  0x008936   0x2f  stm8s_spi.o [1]
  .near_func.text  ro code  0x008965   0x2f  stm8s_spi.o [1]
  .near_func.text  ro code  0x008994   0x2f  stm8s_tim1.o [1]
  .near_func.text  ro code  0x0089c3   0x2b  long.o [4]
  .near_func.text  ro code  0x0089ee   0x27  stm8s_it.o [1]
  .near_func.text  ro code  0x008a15   0x26  long_util.o [4]
  .near.rodata     const    0x008a3b   0x24  stm8s_exti.o [1]
  .near.rodata     const    0x008a5f   0x24  stm8s_gpio.o [1]
  .near.rodata     const    0x008a83   0x24  stm8s_tim1.o [1]
  .near.rodata     const    0x008aa7   0x23  stm8s_clk.o [1]
  .near.rodata     const    0x008aca   0x23  stm8s_spi.o [1]
  .near_func.text  ro code  0x008aed   0x21  stm8s_tim1.o [1]
  .iar.init_table  const    0x008b0e    0x8  - Linker created -
  .near_func.text  ro code  0x008b16   0x1e  init_small.o [4]
  .near_func.text  ro code  0x008b34   0x15  stm8s_spi.o [1]
  .near_func.text  ro code  0x008b49   0x14  init.o [4]
  .near_func.text  ro code  0x008b5d   0x14  __dbg_xxexit.o [3]
  .near_func.text  ro code  0x008b71   0x13  cstartup.o [4]
  .near_func.text  ro code  0x008b84   0x11  stm8s_it.o [1]
  .near_func.text  ro code  0x008b95   0x10  stm8s_it.o [1]
  .near.rodata     const    0x008ba5    0xe  main.o [1]
  .near_func.text  ro code  0x008bb3    0x9  stm8s_tim1.o [1]
  .near_func.text  ro code  0x008bbc    0x8  stm8s_gpio.o [1]
  .near_func.text  ro code  0x008bc4    0x8  short.o [4]
  .near_func.text  ro code  0x008bcc    0x7  stm8s_gpio.o [1]
  .near_func.text  ro code  0x008bd3    0x7  stm8s_gpio.o [1]
  .near_func.text  ro code  0x008bda    0x7  stm8s_gpio.o [1]
  .near_func.text  ro code  0x008be1    0x6  char.o [4]
  .near_func.text  ro code  0x008be7    0x5  cexit.o [4]
  .near_func.text  ro code  0x008bec    0x4  stm8s_spi.o [1]
  .near_func.text  ro code  0x008bf0    0x3  interrupt.o [4]
  .near_func.text  ro code  0x008bf3    0x3  low_level_init.o [4]
  .near_func.text  ro code  0x008bf6    0x3  exit.o [4]
  .near_func.text  ro code  0x008bf9    0x3  unhandled_exception.o [4]
  .near_func.text  ro code  0x008bfc    0x2  main.o [1]
  .near_func.text  ro code  0x008bfe    0x1  stm8s_it.o [1]
  .near_func.text  ro code  0x008bff    0x1  stm8s_it.o [1]
  .near_func.text  ro code  0x008c00    0x1  stm8s_it.o [1]
  .near_func.text  ro code  0x008c01    0x1  stm8s_it.o [1]
  .near_func.text  ro code  0x008c02    0x1  stm8s_it.o [1]
  .near_func.text  ro code  0x008c03    0x1  stm8s_it.o [1]
  .near_func.text  ro code  0x008c04    0x1  stm8s_it.o [1]
  .near_func.text  ro code  0x008c05    0x1  stm8s_it.o [1]
  .near_func.text  ro code  0x008c06    0x1  stm8s_it.o [1]
  .near_func.text  ro code  0x008c07    0x1  stm8s_it.o [1]
  .near_func.text  ro code  0x008c08    0x1  stm8s_it.o [1]
  .near_func.text  ro code  0x008c09    0x1  stm8s_it.o [1]
  .near_func.text  ro code  0x008c0a    0x1  stm8s_it.o [1]
  .near_func.text  ro code  0x008c0b    0x1  stm8s_it.o [1]
  .near_func.text  ro code  0x008c0c    0x1  stm8s_it.o [1]
  .near_func.text  ro code  0x008c0d    0x1  stm8s_it.o [1]
  .near_func.text  ro code  0x008c0e    0x1  stm8s_it.o [1]
  .near_func.text  ro code  0x008c0f    0x1  stm8s_it.o [1]
  .near_func.text  ro code  0x008c10    0x1  __dbg_break.o [3]
                          - 0x008c11  0xb91


*******************************************************************************
*** INIT TABLE
***

          Address   Size
          -------   ----
Zero (__iar_zero_init2)
    1 destination range, total size 0xc:
          0x000010   0xc



*******************************************************************************
*** MODULE SUMMARY
***

    Module                 ro code  ro data  rw data
    ------                 -------  -------  -------
D:\stm8s\Debug\Obj: [1]
    main.o                     332       14
    stm8s_clk.o                405       35
    stm8s_exti.o               206       36
    stm8s_gpio.o               299       36
    stm8s_it.o                 164                12
    stm8s_spi.o                523       35
    stm8s_tim1.o               435       36
    ------------------------------------------------
    Total:                   2 364      192       12

command line: [2]
    ------------------------------------------------
    Total:

dbgstm8smd.a: [3]
    __dbg_break.o                1
    __dbg_xxexit.o              20
    ------------------------------------------------
    Total:                      21

dlstm8smn.a: [4]
    cexit.o                      5
    char.o                       6
    cstartup.o                  19
    exit.o                       3
    init.o                      20
    init_small.o                30
    interrupt.o                  3      128
    long.o                      43
    long_util.o                 38
    low_level_init.o             3
    short.o                      8
    unhandled_exception.o        3
    vreg_util.o                195
    vregs.o                                       16
    ------------------------------------------------
    Total:                     376      128       16

    Linker created                        8      256
----------------------------------------------------
    Grand Total:             2 761      328      284


*******************************************************************************
*** ENTRY LIST
***

Entry                    Address   Size  Type      Object
-----                    -------   ----  ----      ------
.iar.init_table$$Base   0x008b0e          --   Gb  - Linker created -
.iar.init_table$$Limit  0x008b16          --   Gb  - Linker created -
?b0                     0x000000         Data  Gb  vregs.o [4]
?b1                     0x000001         Data  Gb  vregs.o [4]
?b10                    0x00000a         Data  Gb  vregs.o [4]
?b11                    0x00000b         Data  Gb  vregs.o [4]
?b12                    0x00000c         Data  Gb  vregs.o [4]
?b13                    0x00000d         Data  Gb  vregs.o [4]
?b14                    0x00000e         Data  Gb  vregs.o [4]
?b15                    0x00000f         Data  Gb  vregs.o [4]
?b2                     0x000002         Data  Gb  vregs.o [4]
?b3                     0x000003         Data  Gb  vregs.o [4]
?b4                     0x000004         Data  Gb  vregs.o [4]
?b5                     0x000005         Data  Gb  vregs.o [4]
?b6                     0x000006         Data  Gb  vregs.o [4]
?b7                     0x000007         Data  Gb  vregs.o [4]
?b8                     0x000008         Data  Gb  vregs.o [4]
?b9                     0x000009         Data  Gb  vregs.o [4]
?e0                     0x000001         Data  Gb  vregs.o [4]
?e1                     0x000005         Data  Gb  vregs.o [4]
?e2                     0x000009         Data  Gb  vregs.o [4]
?e3                     0x00000d         Data  Gb  vregs.o [4]
?epilogue_l2            0x008625         Code  Gb  vreg_util.o [4]
?epilogue_l2_l3         0x008622         Code  Gb  vreg_util.o [4]
?epilogue_l2_w6         0x008629         Code  Gb  vreg_util.o [4]
?epilogue_w4            0x008630         Code  Gb  vreg_util.o [4]
?inc32_0x_0x            0x0089c8         Code  Gb  long.o [4]
?inc32_l0_l0            0x0089c3         Code  Gb  long.o [4]
?l0                     0x000000         Data  Gb  vregs.o [4]
?l1                     0x000004         Data  Gb  vregs.o [4]
?l2                     0x000008         Data  Gb  vregs.o [4]
?l3                     0x00000c         Data  Gb  vregs.o [4]
?load32_0x_l0           0x008a2d         Code  Gb  long_util.o [4]
?load32_l0_0x           0x008a15         Code  Gb  long_util.o [4]
?load32_l1_0x           0x008a21         Code  Gb  long_util.o [4]
?mov_e0_e1              0x008637         Code  Gb  vreg_util.o [4]
?mov_l0_l1              0x008634         Code  Gb  vreg_util.o [4]
?mov_w1_w3              0x00863a         Code  Gb  vreg_util.o [4]
?pop_l0                 0x0085ee         Code  Gb  vreg_util.o [4]
?pop_l1                 0x0085f9         Code  Gb  vreg_util.o [4]
?pop_l2                 0x008604         Code  Gb  vreg_util.o [4]
?pop_l3                 0x00860f         Code  Gb  vreg_util.o [4]
?pop_w4                 0x0085a0         Code  Gb  vreg_util.o [4]
?pop_w5                 0x0085a7         Code  Gb  vreg_util.o [4]
?pop_w6                 0x0085ae         Code  Gb  vreg_util.o [4]
?push_l0                0x0085bd         Code  Gb  vreg_util.o [4]
?push_l1                0x0085c2         Code  Gb  vreg_util.o [4]
?push_l2                0x0085c7         Code  Gb  vreg_util.o [4]
?push_l3                0x0085cc         Code  Gb  vreg_util.o [4]
?push_w4                0x00857e         Code  Gb  vreg_util.o [4]
?push_w5                0x008583         Code  Gb  vreg_util.o [4]
?push_w6                0x008588         Code  Gb  vreg_util.o [4]
?sll16_x_x_a            0x008bc4         Code  Gb  short.o [4]
?sll8_a_a_5             0x008be2         Code  Gb  char.o [4]
?sll8_a_a_6             0x008be1         Code  Gb  char.o [4]
?sub32_l0_l0_0x         0x0089d6         Code  Gb  long.o [4]
?w0                     0x000000         Data  Gb  vregs.o [4]
?w1                     0x000002         Data  Gb  vregs.o [4]
?w2                     0x000004         Data  Gb  vregs.o [4]
?w3                     0x000006         Data  Gb  vregs.o [4]
?w4                     0x000008         Data  Gb  vregs.o [4]
?w5                     0x00000a         Data  Gb  vregs.o [4]
?w6                     0x00000c         Data  Gb  vregs.o [4]
?w7                     0x00000e         Data  Gb  vregs.o [4]
ADC1_IRQHandler         0x008c0d    0x1  Code  Gb  stm8s_it.o [1]
AWU_IRQHandler          0x008c00    0x1  Code  Gb  stm8s_it.o [1]
CLK_HSICmd              0x008907   0x2f  Code  Gb  stm8s_clk.o [1]
CLK_IRQHandler          0x008c01    0x1  Code  Gb  stm8s_it.o [1]
CLK_PeripheralClockConfig
                        0x0083d5   0xdb  Code  Gb  stm8s_clk.o [1]
CLK_SYSCLKConfig        0x0086da   0x8b  Code  Gb  stm8s_clk.o [1]
CSTACK$$Base            0x000300          --   Gb  - Linker created -
CSTACK$$Limit           0x000400          --   Gb  - Linker created -
EEPROM_EEC_IRQHandler   0x008c0f    0x1  Code  Gb  stm8s_it.o [1]
EXTI_PORTA_IRQHandler   0x008c02    0x1  Code  Gb  stm8s_it.o [1]
EXTI_PORTB_IRQHandler   0x008c03    0x1  Code  Gb  stm8s_it.o [1]
EXTI_PORTC_IRQHandler   0x008806   0x4a  Code  Gb  stm8s_it.o [1]
EXTI_PORTD_IRQHandler   0x008c04    0x1  Code  Gb  stm8s_it.o [1]
EXTI_PORTE_IRQHandler   0x008c05    0x1  Code  Gb  stm8s_it.o [1]
EXTI_SetExtIntSensitivity
                        0x0084b0   0xce  Code  Gb  stm8s_exti.o [1]
GPIO_Init               0x0081bf  0x10e  Code  Gb  stm8s_gpio.o [1]
GPIO_ReadInputPin       0x008bda    0x7  Code  Gb  stm8s_gpio.o [1]
GPIO_WriteHigh          0x008bcc    0x7  Code  Gb  stm8s_gpio.o [1]
GPIO_WriteLow           0x008bbc    0x8  Code  Gb  stm8s_gpio.o [1]
GPIO_WriteReverse       0x008bd3    0x7  Code  Gb  stm8s_gpio.o [1]
I2C_IRQHandler          0x008c0c    0x1  Code  Gb  stm8s_it.o [1]
INTVEC$$Base            0x008000          --   Gb  - Linker created -
INTVEC$$Limit           0x008080          --   Gb  - Linker created -
Region$$Table$$Base     0x008b0e          --   Gb  - Linker created -
Region$$Table$$Limit    0x008b16          --   Gb  - Linker created -
SPI_CalculateCRCCmd     0x008965   0x2f  Code  Gb  stm8s_spi.o [1]
SPI_Cmd                 0x008936   0x2f  Code  Gb  stm8s_spi.o [1]
SPI_DeInit              0x008b34   0x15  Code  Gb  stm8s_spi.o [1]
SPI_GetFlagStatus       0x008765   0x55  Code  Gb  stm8s_spi.o [1]
SPI_IRQHandler          0x008c06    0x1  Code  Gb  stm8s_it.o [1]
SPI_Init                0x008080  0x13f  Code  Gb  stm8s_spi.o [1]
SPI_SendData            0x008bec    0x4  Code  Gb  stm8s_spi.o [1]
TIM1_CAP_COM_IRQHandler
                        0x008c07    0x1  Code  Gb  stm8s_it.o [1]
TIM1_ClearITPendingBit  0x008aed   0x21  Code  Gb  stm8s_tim1.o [1]
TIM1_Cmd                0x008994   0x2f  Code  Gb  stm8s_tim1.o [1]
TIM1_CounterModeConfig  0x008892   0x3d  Code  Gb  stm8s_tim1.o [1]
TIM1_DeInit             0x008641   0x99  Code  Gb  stm8s_tim1.o [1]
TIM1_ITConfig           0x0087ba   0x4c  Code  Gb  stm8s_tim1.o [1]
TIM1_PrescalerConfig    0x0088cf   0x38  Code  Gb  stm8s_tim1.o [1]
TIM1_SetAutoreload      0x008bb3    0x9  Code  Gb  stm8s_tim1.o [1]
TIM1_UPD_OVF_TRG_BRK_IRQHandler
                        0x0089ee   0x27  Code  Gb  stm8s_it.o [1]
TIM2_CAP_COM_IRQHandler
                        0x008c09    0x1  Code  Gb  stm8s_it.o [1]
TIM2_UPD_OVF_BRK_IRQHandler
                        0x008c08    0x1  Code  Gb  stm8s_it.o [1]
TIM4_UPD_OVF_IRQHandler
                        0x008c0e    0x1  Code  Gb  stm8s_it.o [1]
TLI_IRQHandler          0x008bff    0x1  Code  Gb  stm8s_it.o [1]
TRAP_IRQHandler         0x008bfe    0x1  Code  Gb  stm8s_it.o [1]
UART1_RX_IRQHandler     0x008c0b    0x1  Code  Gb  stm8s_it.o [1]
UART1_TX_IRQHandler     0x008c0a    0x1  Code  Gb  stm8s_it.o [1]
__DebugBreak            0x008c10    0x1  Code  Gb  __dbg_break.o [3]
__exit                  0x008b5d   0x14  Code  Gb  __dbg_xxexit.o [3]
__iar_data_init2        0x008b49   0x14  Code  Gb  init.o [4]
__iar_program_start     0x008b71         Code  Gb  cstartup.o [4]
__iar_unhandled_exception
                        0x008bf9         Code  Gb  unhandled_exception.o [4]
__iar_zero_init2        0x008b16         Code  Gb  init_small.o [4]
__intvec                0x008000         Data  Gb  interrupt.o [4]
__low_level_init        0x008bf3    0x3  Code  Gb  low_level_init.o [4]
_exit                   0x008be7         Code  Gb  cexit.o [4]
_interrupt_1            0x008bfe         Code  Gb  stm8s_it.o [1]
_interrupt_12           0x008c06         Code  Gb  stm8s_it.o [1]
_interrupt_13           0x0089ee         Code  Gb  stm8s_it.o [1]
_interrupt_14           0x008c07         Code  Gb  stm8s_it.o [1]
_interrupt_15           0x008c08         Code  Gb  stm8s_it.o [1]
_interrupt_16           0x008c09         Code  Gb  stm8s_it.o [1]
_interrupt_19           0x008c0a         Code  Gb  stm8s_it.o [1]
_interrupt_2            0x008bff         Code  Gb  stm8s_it.o [1]
_interrupt_20           0x008c0b         Code  Gb  stm8s_it.o [1]
_interrupt_21           0x008c0c         Code  Gb  stm8s_it.o [1]
_interrupt_24           0x008c0d         Code  Gb  stm8s_it.o [1]
_interrupt_25           0x008c0e         Code  Gb  stm8s_it.o [1]
_interrupt_26           0x008c0f         Code  Gb  stm8s_it.o [1]
_interrupt_3            0x008c00         Code  Gb  stm8s_it.o [1]
_interrupt_4            0x008c01         Code  Gb  stm8s_it.o [1]
_interrupt_5            0x008c02         Code  Gb  stm8s_it.o [1]
_interrupt_6            0x008c03         Code  Gb  stm8s_it.o [1]
_interrupt_7            0x008806         Code  Gb  stm8s_it.o [1]
_interrupt_8            0x008c04         Code  Gb  stm8s_it.o [1]
_interrupt_9            0x008c05         Code  Gb  stm8s_it.o [1]
assert_failed           0x008bfc    0x2  Code  Gb  main.o [1]
count                   0x000018    0x4  Data  Lc  stm8s_it.o [1]
data                    0x008ba5    0xe  Data  Lc  main.o [1]
exit                    0x008bf6    0x3  Code  Gb  exit.o [4]
func                    0x008b95   0x10  Code  Lc  stm8s_it.o [1]
getCurrentTick          0x008b84   0x11  Code  Gb  stm8s_it.o [1]
lastTick                0x000014    0x4  Data  Lc  stm8s_it.o [1]
main                    0x0082cd  0x108  Code  Gb  main.o [1]
spiSendData             0x008850   0x42  Code  Gb  main.o [1]
timeTick                0x000010    0x4  Data  Lc  stm8s_it.o [1]


[1] = D:\stm8s\Debug\Obj
[2] = command line
[3] = dbgstm8smd.a
[4] = dlstm8smn.a

  2 761 bytes of readonly  code memory
    328 bytes of readonly  data memory
    284 bytes of readwrite data memory

Errors: none
Warnings: none
